core_cm4.h:1807:22:__NVIC_SetPriority	16	static
fsl_clock.h:725:20:CLOCK_EnableClock	24	static
fsl_gpio.h:175:20:GPIO_PortSet	16	static
fsl_gpio.h:186:20:GPIO_PortClear	16	static
fsl_port.h:346:20:PORT_SetPinMux	24	static
Tarea2_RateMonotonic.c:118:6:sortTaskPriority	2048	static
Tarea2_RateMonotonic.c:135:5:main	16	static
Tarea2_RateMonotonic.c:238:6:task0	8	static
Tarea2_RateMonotonic.c:252:6:task1	8	static
Tarea2_RateMonotonic.c:265:6:task2	8	static
Tarea2_RateMonotonic.c:278:6:taskIdel	4	static
Tarea2_RateMonotonic.c:283:6:rtosStart	8	static
Tarea2_RateMonotonic.c:296:6:rtosReloadSysTick	16	static
Tarea2_RateMonotonic.c:302:6:rtosDelay	16	static
Tarea2_RateMonotonic.c:309:6:rtosActivateWaitingTask	16	static
Tarea2_RateMonotonic.c:325:6:rtosKernel	24	static
Tarea2_RateMonotonic.c:441:6:SysTick_Handler	8	static
Tarea2_RateMonotonic.c:453:6:PendSV_Handler	4	static
