Archive member included to satisfy reference by file (symbol)

/usr/local/mcuxpressoide-11.2.0_4120/ide/plugins/com.nxp.mcuxpresso.tools.linux_11.2.0.202001021529/tools/bin/../lib/gcc/arm-none-eabi/9.2.1/../../../../arm-none-eabi/lib/thumb/v7e-m+fp/hard/libcr_nohost_nf.a(_cr__main.o)
                              ./startup/startup_mk66f18.o (__main)
/usr/local/mcuxpressoide-11.2.0_4120/ide/plugins/com.nxp.mcuxpresso.tools.linux_11.2.0.202001021529/tools/bin/../lib/gcc/arm-none-eabi/9.2.1/../../../../arm-none-eabi/lib/thumb/v7e-m+fp/hard/libcr_nohost_nf.a(_cr_assert.o)
                              ./utilities/fsl_debug_console.o (__assertion_failed)
/usr/local/mcuxpressoide-11.2.0_4120/ide/plugins/com.nxp.mcuxpresso.tools.linux_11.2.0.202001021529/tools/bin/../lib/gcc/arm-none-eabi/9.2.1/../../../../arm-none-eabi/lib/thumb/v7e-m+fp/hard/libcr_nohost_nf.a(__ciob.o)
                              /usr/local/mcuxpressoide-11.2.0_4120/ide/plugins/com.nxp.mcuxpresso.tools.linux_11.2.0.202001021529/tools/bin/../lib/gcc/arm-none-eabi/9.2.1/../../../../arm-none-eabi/lib/thumb/v7e-m+fp/hard/libcr_nohost_nf.a(_cr_assert.o) (__Ciob)
/usr/local/mcuxpressoide-11.2.0_4120/ide/plugins/com.nxp.mcuxpresso.tools.linux_11.2.0.202001021529/tools/bin/../lib/gcc/arm-none-eabi/9.2.1/../../../../arm-none-eabi/lib/thumb/v7e-m+fp/hard/libcr_nohost_nf.a(__sys_appexit.o)
                              /usr/local/mcuxpressoide-11.2.0_4120/ide/plugins/com.nxp.mcuxpresso.tools.linux_11.2.0.202001021529/tools/bin/../lib/gcc/arm-none-eabi/9.2.1/../../../../arm-none-eabi/lib/thumb/v7e-m+fp/hard/libcr_nohost_nf.a(_cr_assert.o) (__sys_appexit)
/usr/local/mcuxpressoide-11.2.0_4120/ide/plugins/com.nxp.mcuxpresso.tools.linux_11.2.0.202001021529/tools/bin/../lib/gcc/arm-none-eabi/9.2.1/../../../../arm-none-eabi/lib/thumb/v7e-m+fp/hard/libcr_c.a(memcpy.o)
                              ./source/Tarea2_RateMonotonic.o (memcpy)
/usr/local/mcuxpressoide-11.2.0_4120/ide/plugins/com.nxp.mcuxpresso.tools.linux_11.2.0.202001021529/tools/bin/../lib/gcc/arm-none-eabi/9.2.1/../../../../arm-none-eabi/lib/thumb/v7e-m+fp/hard/libcr_c.a(memset.o)
                              ./utilities/fsl_debug_console.o (memset)
/usr/local/mcuxpressoide-11.2.0_4120/ide/plugins/com.nxp.mcuxpresso.tools.linux_11.2.0.202001021529/tools/bin/../lib/gcc/arm-none-eabi/9.2.1/../../../../arm-none-eabi/lib/thumb/v7e-m+fp/hard/libcr_c.a(_deferredlazyseek.o)
                              /usr/local/mcuxpressoide-11.2.0_4120/ide/plugins/com.nxp.mcuxpresso.tools.linux_11.2.0.202001021529/tools/bin/../lib/gcc/arm-none-eabi/9.2.1/../../../../arm-none-eabi/lib/thumb/v7e-m+fp/hard/libcr_nohost_nf.a(_cr_assert.o) (__flsbuf)
/usr/local/mcuxpressoide-11.2.0_4120/ide/plugins/com.nxp.mcuxpresso.tools.linux_11.2.0.202001021529/tools/bin/../lib/gcc/arm-none-eabi/9.2.1/../../../../arm-none-eabi/lib/thumb/v7e-m+fp/hard/libcr_c.a(_fflush.o)
                              /usr/local/mcuxpressoide-11.2.0_4120/ide/plugins/com.nxp.mcuxpresso.tools.linux_11.2.0.202001021529/tools/bin/../lib/gcc/arm-none-eabi/9.2.1/../../../../arm-none-eabi/lib/thumb/v7e-m+fp/hard/libcr_c.a(_deferredlazyseek.o) (_fflush)
/usr/local/mcuxpressoide-11.2.0_4120/ide/plugins/com.nxp.mcuxpresso.tools.linux_11.2.0.202001021529/tools/bin/../lib/gcc/arm-none-eabi/9.2.1/../../../../arm-none-eabi/lib/thumb/v7e-m+fp/hard/libcr_c.a(_writebuf.o)
                              /usr/local/mcuxpressoide-11.2.0_4120/ide/plugins/com.nxp.mcuxpresso.tools.linux_11.2.0.202001021529/tools/bin/../lib/gcc/arm-none-eabi/9.2.1/../../../../arm-none-eabi/lib/thumb/v7e-m+fp/hard/libcr_c.a(_deferredlazyseek.o) (_Cwritebuf)
/usr/local/mcuxpressoide-11.2.0_4120/ide/plugins/com.nxp.mcuxpresso.tools.linux_11.2.0.202001021529/tools/bin/../lib/gcc/arm-none-eabi/9.2.1/../../../../arm-none-eabi/lib/thumb/v7e-m+fp/hard/libcr_c.a(alloc.o)
                              ./drivers/fsl_common.o (malloc)
/usr/local/mcuxpressoide-11.2.0_4120/ide/plugins/com.nxp.mcuxpresso.tools.linux_11.2.0.202001021529/tools/bin/../lib/gcc/arm-none-eabi/9.2.1/../../../../arm-none-eabi/lib/thumb/v7e-m+fp/hard/libcr_c.a(fputs.o)
                              /usr/local/mcuxpressoide-11.2.0_4120/ide/plugins/com.nxp.mcuxpresso.tools.linux_11.2.0.202001021529/tools/bin/../lib/gcc/arm-none-eabi/9.2.1/../../../../arm-none-eabi/lib/thumb/v7e-m+fp/hard/libcr_nohost_nf.a(_cr_assert.o) (fputs)
/usr/local/mcuxpressoide-11.2.0_4120/ide/plugins/com.nxp.mcuxpresso.tools.linux_11.2.0.202001021529/tools/bin/../lib/gcc/arm-none-eabi/9.2.1/../../../../arm-none-eabi/lib/thumb/v7e-m+fp/hard/libcr_c.a(fseek.o)
                              /usr/local/mcuxpressoide-11.2.0_4120/ide/plugins/com.nxp.mcuxpresso.tools.linux_11.2.0.202001021529/tools/bin/../lib/gcc/arm-none-eabi/9.2.1/../../../../arm-none-eabi/lib/thumb/v7e-m+fp/hard/libcr_c.a(_deferredlazyseek.o) (fseek)
[...]
Memory Configuration

Name             Origin             Length             Attributes
PROGRAM_FLASH    0x0000000000000000 0x0000000000200000 xr
SRAM_UPPER       0x0000000020000000 0x0000000000030000 xrw
SRAM_LOWER       0x000000001fff0000 0x0000000000010000 xrw
FLEX_RAM         0x0000000014000000 0x0000000000001000 xrw
*default*        0x0000000000000000 0xffffffffffffffff

Linker script and memory map

LOAD ./utilities/fsl_debug_console.o
LOAD ./utilities/fsl_str.o
LOAD ./startup/startup_mk66f18.o
LOAD ./source/Tarea2_RateMonotonic.o
LOAD ./source/semihost_hardfault.o
LOAD ./drivers/fsl_clock.o
LOAD ./drivers/fsl_common.o
LOAD ./drivers/fsl_gpio.o
LOAD ./drivers/fsl_i2c.o
LOAD ./drivers/fsl_rtc.o
LOAD ./drivers/fsl_smc.o
LOAD ./drivers/fsl_uart.o
LOAD ./device/system_MK66F18.o
LOAD ./component/uart/uart_adapter.o
LOAD ./component/serial_manager/serial_manager.o
LOAD ./component/serial_manager/serial_port_uart.o
LOAD ./component/lists/generic_list.o
LOAD ./board/board.o
LOAD ./board/clock_config.o
LOAD ./board/peripherals.o
LOAD ./board/pin_mux.o
START GROUP
LOAD /usr/local/mcuxpressoide-11.2.0_4120/ide/plugins/com.nxp.mcuxpresso.tools.linux_11.2.0.202001021529/tools/bin/../lib/gcc/arm-none-eabi/9.2.1/../../../../arm-none-eabi/lib/thumb/v7e-m+fp/hard/libcr_nohost_nf.a
LOAD /usr/local/mcuxpressoide-11.2.0_4120/ide/plugins/com.nxp.mcuxpresso.tools.linux_11.2.0.202001021529/tools/bin/../lib/gcc/arm-none-eabi/9.2.1/../../../../arm-none-eabi/lib/thumb/v7e-m+fp/hard/libcr_c.a
LOAD /usr/local/mcuxpressoide-11.2.0_4120/ide/plugins/com.nxp.mcuxpresso.tools.linux_11.2.0.202001021529/tools/bin/../lib/gcc/arm-none-eabi/9.2.1/thumb/v7e-m+fp/hard/libcr_eabihelpers.a
LOAD /usr/local/mcuxpressoide-11.2.0_4120/ide/plugins/com.nxp.mcuxpresso.tools.linux_11.2.0.202001021529/tools/bin/../lib/gcc/arm-none-eabi/9.2.1/thumb/v7e-m+fp/hard/libgcc.a
END GROUP
                0x0000000000000000                __base_PROGRAM_FLASH = 0x0
                0x0000000000000000                __base_Flash = 0x0
                0x0000000000200000                __top_PROGRAM_FLASH = 0x200000
                0x0000000000200000                __top_Flash = 0x200000
                0x0000000020000000                __base_SRAM_UPPER = 0x20000000
                0x0000000020000000                __base_RAM = 0x20000000
                0x0000000020030000                __top_SRAM_UPPER = 0x20030000
                0x0000000020030000                __top_RAM = 0x20030000
                0x000000001fff0000                __base_SRAM_LOWER = 0x1fff0000
                0x000000001fff0000                __base_RAM2 = 0x1fff0000
                0x0000000020000000                __top_SRAM_LOWER = 0x20000000
                0x0000000020000000                __top_RAM2 = 0x20000000
                0x0000000014000000                __base_FLEX_RAM = 0x14000000
                0x0000000014000000                __base_RAM3 = 0x14000000
                0x0000000014001000                __top_FLEX_RAM = 0x14001000
                0x0000000014001000                __top_RAM3 = 0x14001000

.text           0x0000000000000000     0x46d8
 FILL mask 0xff
                0x0000000000000000                __vectors_start__ = ABSOLUTE (.)
 *(SORT_BY_ALIGNMENT(.isr_vector))
 .isr_vector    0x0000000000000000      0x1d0 ./startup/startup_mk66f18.o
                0x0000000000000000                __Vectors
                0x0000000000000000                g_pfnVectors
                0x00000000000001d0                . = ALIGN (0x4)
                0x00000000000001d0                __section_table_start = .
                0x00000000000001d0                __data_section_table = .
                0x00000000000001d0        0x4 LONG 0x46d8 LOADADDR (.data)
                0x00000000000001d4        0x4 LONG 0x20000000 ADDR (.data)
                0x00000000000001d8        0x4 LONG 0x10 SIZEOF (.data)
                0x00000000000001dc        0x4 LONG 0x46d8 LOADADDR (.data_RAM2)
                0x00000000000001e0        0x4 LONG 0x1fff0000 ADDR (.data_RAM2)
                0x00000000000001e4        0x4 LONG 0x0 SIZEOF (.data_RAM2)
                0x00000000000001e8        0x4 LONG 0x46d8 LOADADDR (.data_RAM3)
                0x00000000000001ec        0x4 LONG 0x14000000 ADDR (.data_RAM3)
                0x00000000000001f0        0x4 LONG 0x0 SIZEOF (.data_RAM3)
                0x00000000000001f4                __data_section_table_end = .
                0x00000000000001f4                __bss_section_table = .
                0x00000000000001f4        0x4 LONG 0x20000010 ADDR (.bss)
                0x00000000000001f8        0x4 LONG 0x20d0 SIZEOF (.bss)
                0x00000000000001fc        0x4 LONG 0x1fff0000 ADDR (.bss_RAM2)
                0x0000000000000200        0x4 LONG 0x0 SIZEOF (.bss_RAM2)
                0x0000000000000204        0x4 LONG 0x14000000 ADDR (.bss_RAM3)
                0x0000000000000208        0x4 LONG 0x0 SIZEOF (.bss_RAM3)
                0x000000000000020c                __bss_section_table_end = .
                0x000000000000020c                __section_table_end = .
 *(SORT_BY_ALIGNMENT(.after_vectors*))
 .after_vectors.reset
                0x000000000000020c       0x4c ./startup/startup_mk66f18.o
                0x000000000000020c                ResetISR
 .after_vectors.init_data
                0x0000000000000258       0x1e ./startup/startup_mk66f18.o
                0x0000000000000258                data_init
 .after_vectors.init_bss
                0x0000000000000276       0x12 ./startup/startup_mk66f18.o
                0x0000000000000276                bss_init
 .after_vectors
                0x0000000000000288       0x14 ./startup/startup_mk66f18.o
                0x0000000000000288                NMI_Handler
                0x000000000000028c                MemManage_Handler
                0x000000000000028e                BusFault_Handler
                0x0000000000000290                UsageFault_Handler
                0x0000000000000292                SVC_Handler
                0x0000000000000294                DebugMon_Handler
                0x000000000000029a                DMA13_DMA29_DriverIRQHandler
                0x000000000000029a                PORTB_DriverIRQHandler
                0x000000000000029a                SPI1_DriverIRQHandler
                0x000000000000029a                LPTMR0_DriverIRQHandler
                0x000000000000029a                DMA_Error_DriverIRQHandler
                0x000000000000029a                FTM1_DriverIRQHandler
                0x000000000000029a                FTM2_DriverIRQHandler
                0x000000000000029a                PIT2_DriverIRQHandler
                0x000000000000029a                TPM2_DriverIRQHandler
                0x000000000000029a                SDHC_DriverIRQHandler
                0x000000000000029a                DMA7_DMA23_DriverIRQHandler
                0x000000000000029a                I2S0_Tx_DriverIRQHandler
                0x000000000000029a                TSI0_DriverIRQHandler
                0x000000000000029a                RTC_Seconds_DriverIRQHandler
                0x000000000000029a                CMP3_DriverIRQHandler
                0x000000000000029a                LLWU_DriverIRQHandler
                0x000000000000029a                MCM_DriverIRQHandler
                0x000000000000029a                DMA14_DMA30_DriverIRQHandler
                0x000000000000029a                MCG_DriverIRQHandler
                0x000000000000029a                ENET_1588_Timer_DriverIRQHandler
                0x000000000000029a                DAC1_DriverIRQHandler
                0x000000000000029a                CMP1_DriverIRQHandler
                0x000000000000029a                USBHSDCD_DriverIRQHandler
                0x000000000000029a                DMA0_DMA16_DriverIRQHandler
                0x000000000000029a                FTM0_DriverIRQHandler
                0x000000000000029a                IntDefaultHandler
                0x000000000000029a                USB0_DriverIRQHandler
                0x000000000000029a                PORTC_DriverIRQHandler
                0x000000000000029a                DMA2_DMA18_DriverIRQHandler
                0x000000000000029a                DAC0_DriverIRQHandler
                0x000000000000029a                CMP2_DriverIRQHandler
                0x000000000000029a                UART2_ERR_DriverIRQHandler
                0x000000000000029a                SPI2_DriverIRQHandler
                0x000000000000029a                LVD_LVW_DriverIRQHandler
                0x000000000000029a                Reserved84_DriverIRQHandler
                0x000000000000029a                PIT0_DriverIRQHandler
                0x000000000000029a                RNG_DriverIRQHandler
                0x000000000000029a                USBDCD_DriverIRQHandler
                0x000000000000029a                UART3_ERR_DriverIRQHandler
                0x000000000000029a                DMA12_DMA28_DriverIRQHandler
                0x000000000000029a                DMA10_DMA26_DriverIRQHandler
                0x000000000000029a                UART0_ERR_DriverIRQHandler
                0x000000000000029a                CMT_DriverIRQHandler
                0x000000000000029a                Reserved71_DriverIRQHandler
                0x000000000000029a                ADC1_DriverIRQHandler
                0x000000000000029a                PORTA_DriverIRQHandler
                0x000000000000029a                DMA1_DMA17_DriverIRQHandler
                0x000000000000029a                PIT3_DriverIRQHandler
                0x000000000000029a                PIT1_DriverIRQHandler
                0x000000000000029a                TPM1_DriverIRQHandler
                0x000000000000029a                WDOG_EWM_DriverIRQHandler
                0x000000000000029a                PDB0_DriverIRQHandler
                0x000000000000029a                DMA8_DMA24_DriverIRQHandler
                0x000000000000029a                DMA6_DMA22_DriverIRQHandler
                0x000000000000029a                RTC_DriverIRQHandler
                0x000000000000029a                I2S0_Rx_DriverIRQHandler
                0x000000000000029a                Read_Collision_DriverIRQHandler
                0x000000000000029a                SWI_DriverIRQHandler
                0x000000000000029a                UART4_ERR_DriverIRQHandler
                0x000000000000029a                DMA11_DMA27_DriverIRQHandler
                0x000000000000029a                DMA4_DMA20_DriverIRQHandler
                0x000000000000029a                DMA9_DMA25_DriverIRQHandler
                0x000000000000029a                ENET_Receive_DriverIRQHandler
                0x000000000000029a                DMA3_DMA19_DriverIRQHandler
                0x000000000000029a                ENET_Error_DriverIRQHandler
                0x000000000000029a                LPUART0_DriverIRQHandler
                0x000000000000029a                Reserved85_DriverIRQHandler
                0x000000000000029a                SPI0_DriverIRQHandler
                0x000000000000029a                ADC0_DriverIRQHandler
                0x000000000000029a                USBHS_DriverIRQHandler
                0x000000000000029a                CMP0_DriverIRQHandler
                0x000000000000029a                CAN0_DriverIRQHandler
                0x000000000000029a                FTM3_DriverIRQHandler
                0x000000000000029a                DMA5_DMA21_DriverIRQHandler
                0x000000000000029a                DMA15_DMA31_DriverIRQHandler
                0x000000000000029a                UART1_ERR_DriverIRQHandler
                0x000000000000029a                ENET_Transmit_DriverIRQHandler
                0x000000000000029a                PORTD_DriverIRQHandler
                0x000000000000029a                Reserved46_DriverIRQHandler
                0x000000000000029a                PORTE_DriverIRQHandler
                0x000000000000029a                FTFE_DriverIRQHandler
                0x000000000000029a                CAN1_DriverIRQHandler
                0x0000000000000400                . = 0x400
 *fill*         0x000000000000029c      0x164 ff
                0x0000000000000400                PROVIDE (__FLASH_CONFIG_START__ = .)
 *(SORT_BY_ALIGNMENT(.FlashConfig))
 .FlashConfig   0x0000000000000400       0x10 ./startup/startup_mk66f18.o
                0x0000000000000400                Flash_Config
                0x0000000000000410                PROVIDE (__FLASH_CONFIG_END__ = .)
                0x0000000000000001                ASSERT (! ((__FLASH_CONFIG_START__ == __FLASH_CONFIG_END__)), Linker Flash Config Support Enabled, but no .FlashConfig section provided within application)
 *(SORT_BY_ALIGNMENT(.text*))
 .text.DbgConsole_SendDataReliable
                0x0000000000000410       0x68 ./utilities/fsl_debug_console.o
                0x0000000000000410                DbgConsole_SendDataReliable
 .text.DbgConsole_Init
                0x0000000000000478      0x104 ./utilities/fsl_debug_console.o
                0x0000000000000478                DbgConsole_Init
 .text.DbgConsole_Printf
                0x000000000000057c       0x7c ./utilities/fsl_debug_console.o
                0x000000000000057c                DbgConsole_Printf
 .text.__NVIC_SetPriority
                0x00000000000005f8       0x54 ./source/Tarea2_RateMonotonic.o
 .text.main     0x000000000000064c      0x280 ./source/Tarea2_RateMonotonic.o
                0x000000000000064c                main
 .text.task0    0x00000000000008cc       0x44 ./source/Tarea2_RateMonotonic.o
                0x00000000000008cc                task0
 .text.task1    0x0000000000000910       0x44 ./source/Tarea2_RateMonotonic.o
                0x0000000000000910                task1
 .text.task2    0x0000000000000954       0x44 ./source/Tarea2_RateMonotonic.o
                0x0000000000000954                task2
 .text.rtosStart
                0x0000000000000998       0x34 ./source/Tarea2_RateMonotonic.o
                0x0000000000000998                rtosStart
 .text.rtosReloadSysTick
                0x00000000000009cc       0x40 ./source/Tarea2_RateMonotonic.o
                0x00000000000009cc                rtosReloadSysTick
 .text.rtosDelay
                0x0000000000000a0c       0x54 ./source/Tarea2_RateMonotonic.o
                0x0000000000000a0c                rtosDelay
 .text.rtosActivateWaitingTask
                0x0000000000000a60       0xa4 ./source/Tarea2_RateMonotonic.o
                0x0000000000000a60                rtosActivateWaitingTask
 .text.rtosKernel
                0x0000000000000b04      0x204 ./source/Tarea2_RateMonotonic.o
                0x0000000000000b04                rtosKernel
 .text.SysTick_Handler
                0x0000000000000d08       0x38 ./source/Tarea2_RateMonotonic.o
                0x0000000000000d08                SysTick_Handler
 .text.PendSV_Handler
                0x0000000000000d40       0x40 ./source/Tarea2_RateMonotonic.o
                0x0000000000000d40                PendSV_Handler
 .text.CLOCK_SetEr32kClock
                0x0000000000000d80       0x30 ./drivers/fsl_clock.o
 .text.CLOCK_SetPllFllSelClock
                0x0000000000000db0       0x58 ./drivers/fsl_clock.o
 .text.CLOCK_GetMcgExtClkFreq
                0x0000000000000e08       0x7c ./drivers/fsl_clock.o
 .text.CLOCK_GetFllExtRefClkFreq
                0x0000000000000e84       0xb0 ./drivers/fsl_clock.o
 .text.CLOCK_GetInternalRefClkSelectFreq
                0x0000000000000f34       0x4c ./drivers/fsl_clock.o
 .text.CLOCK_GetFllRefClkFreq
                0x0000000000000f80       0x34 ./drivers/fsl_clock.o
 .text.CLOCK_GetOscRangeFromFreq
                0x0000000000000fb4       0x3c ./drivers/fsl_clock.o
 .text.CLOCK_GetCoreSysClkFreq
                0x0000000000000ff0       0x28 ./drivers/fsl_clock.o
                0x0000000000000ff0                CLOCK_GetCoreSysClkFreq
 .text.CLOCK_SetSimConfig
                0x0000000000001018       0x44 ./drivers/fsl_clock.o
                0x0000000000001018                CLOCK_SetSimConfig
 .text.CLOCK_EnableUsbfs0Clock
                0x000000000000105c      0x124 ./drivers/fsl_clock.o
                0x000000000000105c                CLOCK_EnableUsbfs0Clock
 .text.CLOCK_GetOutClkFreq
                0x0000000000001180       0x90 ./drivers/fsl_clock.o
                0x0000000000001180                CLOCK_GetOutClkFreq
 .text.CLOCK_GetFllFreq
                0x0000000000001210       0x84 ./drivers/fsl_clock.o
                0x0000000000001210                CLOCK_GetFllFreq
 .text.CLOCK_GetPll0Freq
                0x0000000000001294       0x7c ./drivers/fsl_clock.o
                0x0000000000001294                CLOCK_GetPll0Freq
 .text.CLOCK_GetExtPllFreq
                0x0000000000001310       0x18 ./drivers/fsl_clock.o
                0x0000000000001310                CLOCK_GetExtPllFreq
 .text.CLOCK_SetExtPllFreq
                0x0000000000001328       0x20 ./drivers/fsl_clock.o
                0x0000000000001328                CLOCK_SetExtPllFreq
 .text.CLOCK_SetExternalRefClkConfig
                0x0000000000001348       0x6c ./drivers/fsl_clock.o
                0x0000000000001348                CLOCK_SetExternalRefClkConfig
 .text.CLOCK_SetInternalRefClkConfig
                0x00000000000013b4      0x104 ./drivers/fsl_clock.o
                0x00000000000013b4                CLOCK_SetInternalRefClkConfig
 .text.CLOCK_EnablePll0
                0x00000000000014b8       0x88 ./drivers/fsl_clock.o
                0x00000000000014b8                CLOCK_EnablePll0
 .text.CLOCK_InitOsc0
                0x0000000000001540       0x8c ./drivers/fsl_clock.o
                0x0000000000001540                CLOCK_InitOsc0
 .text.CLOCK_SetPbeMode
                0x00000000000015cc       0xe8 ./drivers/fsl_clock.o
                0x00000000000015cc                CLOCK_SetPbeMode
 .text.CLOCK_BootToPeeMode
                0x00000000000016b4       0x68 ./drivers/fsl_clock.o
                0x00000000000016b4                CLOCK_BootToPeeMode
 .text.GPIO_PinInit
                0x000000000000171c       0x68 ./drivers/fsl_gpio.o
                0x000000000000171c                GPIO_PinInit
 .text.I2C_TransferCommonIRQHandler
                0x0000000000001784       0x58 ./drivers/fsl_i2c.o
 .text.I2C0_DriverIRQHandler
                0x00000000000017dc       0x1c ./drivers/fsl_i2c.o
                0x00000000000017dc                I2C0_DriverIRQHandler
 .text.I2C1_DriverIRQHandler
                0x00000000000017f8       0x1c ./drivers/fsl_i2c.o
                0x00000000000017f8                I2C1_DriverIRQHandler
 .text.I2C2_DriverIRQHandler
                0x0000000000001814       0x1c ./drivers/fsl_i2c.o
                0x0000000000001814                I2C2_DriverIRQHandler
 .text.I2C3_DriverIRQHandler
                0x0000000000001830       0x1c ./drivers/fsl_i2c.o
                0x0000000000001830                I2C3_DriverIRQHandler
 .text.UART_GetInstance
                0x000000000000184c       0x54 ./drivers/fsl_uart.o
                0x000000000000184c                UART_GetInstance
 .text.UART_Init
                0x00000000000018a0      0x2f4 ./drivers/fsl_uart.o
                0x00000000000018a0                UART_Init
 .text.UART_GetDefaultConfig
                0x0000000000001b94       0x68 ./drivers/fsl_uart.o
                0x0000000000001b94                UART_GetDefaultConfig
 .text.UART0_DriverIRQHandler
                0x0000000000001bfc       0x28 ./drivers/fsl_uart.o
                0x0000000000001bfc                UART0_DriverIRQHandler
 .text.UART1_DriverIRQHandler
                0x0000000000001c24       0x28 ./drivers/fsl_uart.o
                0x0000000000001c24                UART1_DriverIRQHandler
 .text.UART2_DriverIRQHandler
                0x0000000000001c4c       0x28 ./drivers/fsl_uart.o
                0x0000000000001c4c                UART2_DriverIRQHandler
 .text.UART3_DriverIRQHandler
                0x0000000000001c74       0x28 ./drivers/fsl_uart.o
                0x0000000000001c74                UART3_DriverIRQHandler
 .text.UART4_DriverIRQHandler
                0x0000000000001c9c       0x28 ./drivers/fsl_uart.o
                0x0000000000001c9c                UART4_DriverIRQHandler
 .text.SystemInit
                0x0000000000001cc4       0x3c ./device/system_MK66F18.o
                0x0000000000001cc4                SystemInit
 .text.HAL_UartInit
                0x0000000000001d00      0x108 ./component/uart/uart_adapter.o
                0x0000000000001d00                HAL_UartInit
 .text.HAL_UartSendBlocking
                0x0000000000001e08       0x64 ./component/uart/uart_adapter.o
                0x0000000000001e08                HAL_UartSendBlocking
 .text.SerialManager_Write
                0x0000000000001e6c       0x6c ./component/serial_manager/serial_manager.o
 .text.SerialManager_Init
                0x0000000000001ed8       0x74 ./component/serial_manager/serial_manager.o
                0x0000000000001ed8                SerialManager_Init
 .text.SerialManager_OpenWriteHandle
                0x0000000000001f4c       0x64 ./component/serial_manager/serial_manager.o
                0x0000000000001f4c                SerialManager_OpenWriteHandle
 .text.SerialManager_OpenReadHandle
                0x0000000000001fb0       0x74 ./component/serial_manager/serial_manager.o
                0x0000000000001fb0                SerialManager_OpenReadHandle
 .text.Serial_UartInit
                0x0000000000002024       0x80 ./component/serial_manager/serial_port_uart.o
                0x0000000000002024                Serial_UartInit
 .text.Serial_UartWrite
                0x00000000000020a4       0x58 ./component/serial_manager/serial_port_uart.o
                0x00000000000020a4                Serial_UartWrite
 .text.CLOCK_SetSdhc0Clock
                0x00000000000020fc       0x3c ./board/clock_config.o
 .text.CLOCK_SetEnetTime0Clock
                0x0000000000002138       0x3c ./board/clock_config.o
 .text.CLOCK_SetRmii0Clock
                0x0000000000002174       0x3c ./board/clock_config.o
 .text.CLOCK_SetLpuartClock
                0x00000000000021b0       0x3c ./board/clock_config.o
 .text.CLOCK_SetTpmClock
                0x00000000000021ec       0x3c ./board/clock_config.o
 .text.CLOCK_SetTraceClock
                0x0000000000002228       0x58 ./board/clock_config.o
 .text.CLOCK_SetClkOutClock
                0x0000000000002280       0x38 ./board/clock_config.o
 .text.CLOCK_SetRtcClkOutClock
                0x00000000000022b8       0x3c ./board/clock_config.o
 .text.CLOCK_SetSimSafeDivs
                0x00000000000022f4       0x24 ./board/clock_config.o
 .text.CLOCK_SetXtal0Freq
                0x0000000000002318       0x20 ./board/clock_config.o
 .text.CLOCK_SetXtal32Freq
                0x0000000000002338       0x20 ./board/clock_config.o
 .text.CLOCK_CONFIG_SetRtcClock
                0x0000000000002358       0x84 ./board/clock_config.o
 .text.CLOCK_CONFIG_EnableUsbhs0PhyPllClock
                0x00000000000023dc       0xfc ./board/clock_config.o
 .text.CLOCK_CONFIG_EnableUsbhs0PfdClock
                0x00000000000024d8       0xb4 ./board/clock_config.o
 .text.CLOCK_CONFIG_SetUsbSlowClock
                0x000000000000258c       0x3c ./board/clock_config.o
 .text.CLOCK_CONFIG_SetFllExtRefDiv
                0x00000000000025c8       0x3c ./board/clock_config.o
 .text.BOARD_BootClockHSRUN
                0x0000000000002604       0xe0 ./board/clock_config.o
                0x0000000000002604                BOARD_BootClockHSRUN
 .text.PORT_SetPinConfig
                0x00000000000026e4       0x38 ./board/pin_mux.o
 .text.BOARD_InitPins
                0x000000000000271c       0x30 ./board/pin_mux.o
                0x000000000000271c                BOARD_InitPins
 .text.BOARD_InitDEBUG_UARTPins
                0x000000000000274c       0x6c ./board/pin_mux.o
                0x000000000000274c                BOARD_InitDEBUG_UARTPins
 .text.__assertion_failed
                0x00000000000027b8       0x4c /usr/local/mcuxpressoide-11.2.0_4120/ide/plugins/com.nxp.mcuxpresso.tools.linux_11.2.0.202001021529/tools/bin/../lib/gcc/arm-none-eabi/9.2.1/../../../../arm-none-eabi/lib/thumb/v7e-m+fp/hard/libcr_nohost_nf.a(_cr_assert.o)
                0x00000000000027b8                __assertion_failed
 .text._Cwritebuf
                0x0000000000002804       0x6c /usr/local/mcuxpressoide-11.2.0_4120/ide/plugins/com.nxp.mcuxpresso.tools.linux_11.2.0.202001021529/tools/bin/../lib/gcc/arm-none-eabi/9.2.1/../../../../arm-none-eabi/lib/thumb/v7e-m+fp/hard/libcr_c.a(_writebuf.o)
                0x0000000000002804                _Cwritebuf
 .text.malloc   0x0000000000002870       0xc8 /usr/local/mcuxpressoide-11.2.0_4120/ide/plugins/com.nxp.mcuxpresso.tools.linux_11.2.0.202001021529/tools/bin/../lib/gcc/arm-none-eabi/9.2.1/../../../../arm-none-eabi/lib/thumb/v7e-m+fp/hard/libcr_c.a(alloc.o)
                0x0000000000002870                malloc
 .text._Csys_alloc
                0x0000000000002938       0x20 /usr/local/mcuxpressoide-11.2.0_4120/ide/plugins/com.nxp.mcuxpresso.tools.linux_11.2.0.202001021529/tools/bin/../lib/gcc/arm-none-eabi/9.2.1/../../../../arm-none-eabi/lib/thumb/v7e-m+fp/hard/libcr_c.a(alloc.o)
                0x0000000000002938                _Csys_alloc
 .text.fseek    0x0000000000002958      0x100 /usr/local/mcuxpressoide-11.2.0_4120/ide/plugins/com.nxp.mcuxpresso.tools.linux_11.2.0.202001021529/tools/bin/../lib/gcc/arm-none-eabi/9.2.1/../../../../arm-none-eabi/lib/thumb/v7e-m+fp/hard/libcr_c.a(fseek.o)
                0x0000000000002958                fseek
 .text.ftell    0x0000000000002a58       0x44 /usr/local/mcuxpressoide-11.2.0_4120/ide/plugins/com.nxp.mcuxpresso.tools.linux_11.2.0.202001021529/tools/bin/../lib/gcc/arm-none-eabi/9.2.1/../../../../arm-none-eabi/lib/thumb/v7e-m+fp/hard/libcr_c.a(ftell.o)
                0x0000000000002a58                ftell
 .text._initio  0x0000000000002a9c       0x78 /usr/local/mcuxpressoide-11.2.0_4120/ide/plugins/com.nxp.mcuxpresso.tools.linux_11.2.0.202001021529/tools/bin/../lib/gcc/arm-none-eabi/9.2.1/../../../../arm-none-eabi/lib/thumb/v7e-m+fp/hard/libcr_c.a(initio.o)
                0x0000000000002a9c                _initio
 .text._sbrk    0x0000000000002b14       0x3c /usr/local/mcuxpressoide-11.2.0_4120/ide/plugins/com.nxp.mcuxpresso.tools.linux_11.2.0.202001021529/tools/bin/../lib/gcc/arm-none-eabi/9.2.1/../../../../arm-none-eabi/lib/thumb/v7e-m+fp/hard/libcr_c.a(_cr_sbrk.o)
                0x0000000000002b14                _sbrk
 .text.fflush   0x0000000000002b50       0x44 /usr/local/mcuxpressoide-11.2.0_4120/ide/plugins/com.nxp.mcuxpresso.tools.linux_11.2.0.202001021529/tools/bin/../lib/gcc/arm-none-eabi/9.2.1/../../../../arm-none-eabi/lib/thumb/v7e-m+fp/hard/libcr_c.a(fflush.o)
                0x0000000000002b50                fflush
 .text.__check_heap_overflow
                0x0000000000002b94       0x18 /usr/local/mcuxpressoide-11.2.0_4120/ide/plugins/com.nxp.mcuxpresso.tools.linux_11.2.0.202001021529/tools/bin/../lib/gcc/arm-none-eabi/9.2.1/../../../../arm-none-eabi/lib/thumb/v7e-m+fp/hard/libcr_c.a(_cr_check_heap.o)
                0x0000000000002b94                __check_heap_overflow
 .text.__aeabi_ddiv
                0x0000000000002bac      0x144 /usr/local/mcuxpressoide-11.2.0_4120/ide/plugins/com.nxp.mcuxpresso.tools.linux_11.2.0.202001021529/tools/bin/../lib/gcc/arm-none-eabi/9.2.1/thumb/v7e-m+fp/hard/libcr_eabihelpers.a(double.o)
                0x0000000000002bac                __aeabi_ddiv
 .text.DbgConsole_PrintCallback
                0x0000000000002cf0       0x66 ./utilities/fsl_debug_console.o
 .text.ConvertRadixNumToString
                0x0000000000002d56      0x114 ./utilities/fsl_str.o
 .text.StrFormatPrintf
                0x0000000000002e6a      0x30c ./utilities/fsl_str.o
                0x0000000000002e6a                StrFormatPrintf
 .text.DMA0_DMA16_IRQHandler
                0x0000000000003176        0x8 ./startup/startup_mk66f18.o
                0x0000000000003176                DMA0_DMA16_IRQHandler
 .text.DMA1_DMA17_IRQHandler
                0x000000000000317e        0x8 ./startup/startup_mk66f18.o
                0x000000000000317e                DMA1_DMA17_IRQHandler
 .text.DMA2_DMA18_IRQHandler
                0x0000000000003186        0x8 ./startup/startup_mk66f18.o
                0x0000000000003186                DMA2_DMA18_IRQHandler
 .text.DMA3_DMA19_IRQHandler
                0x000000000000318e        0x8 ./startup/startup_mk66f18.o
                0x000000000000318e                DMA3_DMA19_IRQHandler
 .text.DMA4_DMA20_IRQHandler
                0x0000000000003196        0x8 ./startup/startup_mk66f18.o
                0x0000000000003196                DMA4_DMA20_IRQHandler
 .text.DMA5_DMA21_IRQHandler
                0x000000000000319e        0x8 ./startup/startup_mk66f18.o
                0x000000000000319e                DMA5_DMA21_IRQHandler
 .text.DMA6_DMA22_IRQHandler
                0x00000000000031a6        0x8 ./startup/startup_mk66f18.o
                0x00000000000031a6                DMA6_DMA22_IRQHandler
 .text.DMA7_DMA23_IRQHandler
                0x00000000000031ae        0x8 ./startup/startup_mk66f18.o
                0x00000000000031ae                DMA7_DMA23_IRQHandler
 .text.DMA8_DMA24_IRQHandler
                0x00000000000031b6        0x8 ./startup/startup_mk66f18.o
                0x00000000000031b6                DMA8_DMA24_IRQHandler
 .text.DMA9_DMA25_IRQHandler
                0x00000000000031be        0x8 ./startup/startup_mk66f18.o
                0x00000000000031be                DMA9_DMA25_IRQHandler
 .text.DMA10_DMA26_IRQHandler
                0x00000000000031c6        0x8 ./startup/startup_mk66f18.o
                0x00000000000031c6                DMA10_DMA26_IRQHandler
 .text.DMA11_DMA27_IRQHandler
                0x00000000000031ce        0x8 ./startup/startup_mk66f18.o
                0x00000000000031ce                DMA11_DMA27_IRQHandler
 .text.DMA12_DMA28_IRQHandler
                0x00000000000031d6        0x8 ./startup/startup_mk66f18.o
                0x00000000000031d6                DMA12_DMA28_IRQHandler
 .text.DMA13_DMA29_IRQHandler
                0x00000000000031de        0x8 ./startup/startup_mk66f18.o
                0x00000000000031de                DMA13_DMA29_IRQHandler
 .text.DMA14_DMA30_IRQHandler
                0x00000000000031e6        0x8 ./startup/startup_mk66f18.o
                0x00000000000031e6                DMA14_DMA30_IRQHandler
 .text.DMA15_DMA31_IRQHandler
                0x00000000000031ee        0x8 ./startup/startup_mk66f18.o
                0x00000000000031ee                DMA15_DMA31_IRQHandler
 .text.DMA_Error_IRQHandler
                0x00000000000031f6        0x8 ./startup/startup_mk66f18.o
                0x00000000000031f6                DMA_Error_IRQHandler
 .text.MCM_IRQHandler
                0x00000000000031fe        0x8 ./startup/startup_mk66f18.o
                0x00000000000031fe                MCM_IRQHandler
 .text.FTFE_IRQHandler
                0x0000000000003206        0x8 ./startup/startup_mk66f18.o
                0x0000000000003206                FTFE_IRQHandler
 .text.Read_Collision_IRQHandler
                0x000000000000320e        0x8 ./startup/startup_mk66f18.o
                0x000000000000320e                Read_Collision_IRQHandler
 .text.LVD_LVW_IRQHandler
                0x0000000000003216        0x8 ./startup/startup_mk66f18.o
                0x0000000000003216                LVD_LVW_IRQHandler
 .text.LLWU_IRQHandler
                0x000000000000321e        0x8 ./startup/startup_mk66f18.o
                0x000000000000321e                LLWU_IRQHandler
 .text.WDOG_EWM_IRQHandler
                0x0000000000003226        0x8 ./startup/startup_mk66f18.o
                0x0000000000003226                WDOG_EWM_IRQHandler
 .text.RNG_IRQHandler
                0x000000000000322e        0x8 ./startup/startup_mk66f18.o
                0x000000000000322e                RNG_IRQHandler
 .text.I2C0_IRQHandler
                0x0000000000003236        0x8 ./startup/startup_mk66f18.o
                0x0000000000003236                I2C0_IRQHandler
 .text.I2C1_IRQHandler
                0x000000000000323e        0x8 ./startup/startup_mk66f18.o
                0x000000000000323e                I2C1_IRQHandler
 .text.SPI0_IRQHandler
                0x0000000000003246        0x8 ./startup/startup_mk66f18.o
                0x0000000000003246                SPI0_IRQHandler
 .text.SPI1_IRQHandler
                0x000000000000324e        0x8 ./startup/startup_mk66f18.o
                0x000000000000324e                SPI1_IRQHandler
 .text.I2S0_Tx_IRQHandler
                0x0000000000003256        0x8 ./startup/startup_mk66f18.o
                0x0000000000003256                I2S0_Tx_IRQHandler
 .text.I2S0_Rx_IRQHandler
                0x000000000000325e        0x8 ./startup/startup_mk66f18.o
                0x000000000000325e                I2S0_Rx_IRQHandler
 .text.Reserved46_IRQHandler
                0x0000000000003266        0x8 ./startup/startup_mk66f18.o
                0x0000000000003266                Reserved46_IRQHandler
 .text.UART0_RX_TX_IRQHandler
                0x000000000000326e        0x8 ./startup/startup_mk66f18.o
                0x000000000000326e                UART0_RX_TX_IRQHandler
 .text.UART0_ERR_IRQHandler
                0x0000000000003276        0x8 ./startup/startup_mk66f18.o
                0x0000000000003276                UART0_ERR_IRQHandler
 .text.UART1_RX_TX_IRQHandler
                0x000000000000327e        0x8 ./startup/startup_mk66f18.o
                0x000000000000327e                UART1_RX_TX_IRQHandler
 .text.UART1_ERR_IRQHandler
                0x0000000000003286        0x8 ./startup/startup_mk66f18.o
                0x0000000000003286                UART1_ERR_IRQHandler
 .text.UART2_RX_TX_IRQHandler
                0x000000000000328e        0x8 ./startup/startup_mk66f18.o
                0x000000000000328e                UART2_RX_TX_IRQHandler
 .text.UART2_ERR_IRQHandler
                0x0000000000003296        0x8 ./startup/startup_mk66f18.o
                0x0000000000003296                UART2_ERR_IRQHandler
 .text.UART3_RX_TX_IRQHandler
                0x000000000000329e        0x8 ./startup/startup_mk66f18.o
                0x000000000000329e                UART3_RX_TX_IRQHandler
 .text.UART3_ERR_IRQHandler
                0x00000000000032a6        0x8 ./startup/startup_mk66f18.o
                0x00000000000032a6                UART3_ERR_IRQHandler
 .text.ADC0_IRQHandler
                0x00000000000032ae        0x8 ./startup/startup_mk66f18.o
                0x00000000000032ae                ADC0_IRQHandler
 .text.CMP0_IRQHandler
                0x00000000000032b6        0x8 ./startup/startup_mk66f18.o
                0x00000000000032b6                CMP0_IRQHandler
 .text.CMP1_IRQHandler
                0x00000000000032be        0x8 ./startup/startup_mk66f18.o
                0x00000000000032be                CMP1_IRQHandler
 .text.FTM0_IRQHandler
                0x00000000000032c6        0x8 ./startup/startup_mk66f18.o
                0x00000000000032c6                FTM0_IRQHandler
 .text.FTM1_IRQHandler
                0x00000000000032ce        0x8 ./startup/startup_mk66f18.o
                0x00000000000032ce                FTM1_IRQHandler
 .text.FTM2_IRQHandler
                0x00000000000032d6        0x8 ./startup/startup_mk66f18.o
                0x00000000000032d6                FTM2_IRQHandler
 .text.CMT_IRQHandler
                0x00000000000032de        0x8 ./startup/startup_mk66f18.o
                0x00000000000032de                CMT_IRQHandler
 .text.RTC_IRQHandler
                0x00000000000032e6        0x8 ./startup/startup_mk66f18.o
                0x00000000000032e6                RTC_IRQHandler
 .text.RTC_Seconds_IRQHandler
                0x00000000000032ee        0x8 ./startup/startup_mk66f18.o
                0x00000000000032ee                RTC_Seconds_IRQHandler
 .text.PIT0_IRQHandler
                0x00000000000032f6        0x8 ./startup/startup_mk66f18.o
                0x00000000000032f6                PIT0_IRQHandler
 .text.PIT1_IRQHandler
                0x00000000000032fe        0x8 ./startup/startup_mk66f18.o
                0x00000000000032fe                PIT1_IRQHandler
 .text.PIT2_IRQHandler
                0x0000000000003306        0x8 ./startup/startup_mk66f18.o
                0x0000000000003306                PIT2_IRQHandler
 .text.PIT3_IRQHandler
                0x000000000000330e        0x8 ./startup/startup_mk66f18.o
                0x000000000000330e                PIT3_IRQHandler
 .text.PDB0_IRQHandler
                0x0000000000003316        0x8 ./startup/startup_mk66f18.o
                0x0000000000003316                PDB0_IRQHandler
 .text.USB0_IRQHandler
                0x000000000000331e        0x8 ./startup/startup_mk66f18.o
                0x000000000000331e                USB0_IRQHandler
 .text.USBDCD_IRQHandler
                0x0000000000003326        0x8 ./startup/startup_mk66f18.o
                0x0000000000003326                USBDCD_IRQHandler
 .text.Reserved71_IRQHandler
                0x000000000000332e        0x8 ./startup/startup_mk66f18.o
                0x000000000000332e                Reserved71_IRQHandler
 .text.DAC0_IRQHandler
                0x0000000000003336        0x8 ./startup/startup_mk66f18.o
                0x0000000000003336                DAC0_IRQHandler
 .text.MCG_IRQHandler
                0x000000000000333e        0x8 ./startup/startup_mk66f18.o
                0x000000000000333e                MCG_IRQHandler
 .text.LPTMR0_IRQHandler
                0x0000000000003346        0x8 ./startup/startup_mk66f18.o
                0x0000000000003346                LPTMR0_IRQHandler
 .text.PORTA_IRQHandler
                0x000000000000334e        0x8 ./startup/startup_mk66f18.o
                0x000000000000334e                PORTA_IRQHandler
 .text.PORTB_IRQHandler
                0x0000000000003356        0x8 ./startup/startup_mk66f18.o
                0x0000000000003356                PORTB_IRQHandler
 .text.PORTC_IRQHandler
                0x000000000000335e        0x8 ./startup/startup_mk66f18.o
                0x000000000000335e                PORTC_IRQHandler
 .text.PORTD_IRQHandler
                0x0000000000003366        0x8 ./startup/startup_mk66f18.o
                0x0000000000003366                PORTD_IRQHandler
 .text.PORTE_IRQHandler
                0x000000000000336e        0x8 ./startup/startup_mk66f18.o
                0x000000000000336e                PORTE_IRQHandler
 .text.SWI_IRQHandler
                0x0000000000003376        0x8 ./startup/startup_mk66f18.o
                0x0000000000003376                SWI_IRQHandler
 .text.SPI2_IRQHandler
                0x000000000000337e        0x8 ./startup/startup_mk66f18.o
                0x000000000000337e                SPI2_IRQHandler
 .text.UART4_RX_TX_IRQHandler
                0x0000000000003386        0x8 ./startup/startup_mk66f18.o
                0x0000000000003386                UART4_RX_TX_IRQHandler
 .text.UART4_ERR_IRQHandler
                0x000000000000338e        0x8 ./startup/startup_mk66f18.o
                0x000000000000338e                UART4_ERR_IRQHandler
 .text.Reserved84_IRQHandler
                0x0000000000003396        0x8 ./startup/startup_mk66f18.o
                0x0000000000003396                Reserved84_IRQHandler
 .text.Reserved85_IRQHandler
                0x000000000000339e        0x8 ./startup/startup_mk66f18.o
                0x000000000000339e                Reserved85_IRQHandler
 .text.CMP2_IRQHandler
                0x00000000000033a6        0x8 ./startup/startup_mk66f18.o
                0x00000000000033a6                CMP2_IRQHandler
 .text.FTM3_IRQHandler
                0x00000000000033ae        0x8 ./startup/startup_mk66f18.o
                0x00000000000033ae                FTM3_IRQHandler
 .text.DAC1_IRQHandler
                0x00000000000033b6        0x8 ./startup/startup_mk66f18.o
                0x00000000000033b6                DAC1_IRQHandler
 .text.ADC1_IRQHandler
                0x00000000000033be        0x8 ./startup/startup_mk66f18.o
                0x00000000000033be                ADC1_IRQHandler
 .text.I2C2_IRQHandler
                0x00000000000033c6        0x8 ./startup/startup_mk66f18.o
                0x00000000000033c6                I2C2_IRQHandler
 .text.CAN0_ORed_Message_buffer_IRQHandler
                0x00000000000033ce        0x8 ./startup/startup_mk66f18.o
                0x00000000000033ce                CAN0_ORed_Message_buffer_IRQHandler
 .text.CAN0_Bus_Off_IRQHandler
                0x00000000000033d6        0x8 ./startup/startup_mk66f18.o
                0x00000000000033d6                CAN0_Bus_Off_IRQHandler
 .text.CAN0_Error_IRQHandler
                0x00000000000033de        0x8 ./startup/startup_mk66f18.o
                0x00000000000033de                CAN0_Error_IRQHandler
 .text.CAN0_Tx_Warning_IRQHandler
                0x00000000000033e6        0x8 ./startup/startup_mk66f18.o
                0x00000000000033e6                CAN0_Tx_Warning_IRQHandler
 .text.CAN0_Rx_Warning_IRQHandler
                0x00000000000033ee        0x8 ./startup/startup_mk66f18.o
                0x00000000000033ee                CAN0_Rx_Warning_IRQHandler
 .text.CAN0_Wake_Up_IRQHandler
                0x00000000000033f6        0x8 ./startup/startup_mk66f18.o
                0x00000000000033f6                CAN0_Wake_Up_IRQHandler
 .text.SDHC_IRQHandler
                0x00000000000033fe        0x8 ./startup/startup_mk66f18.o
                0x00000000000033fe                SDHC_IRQHandler
 .text.ENET_1588_Timer_IRQHandler
                0x0000000000003406        0x8 ./startup/startup_mk66f18.o
                0x0000000000003406                ENET_1588_Timer_IRQHandler
 .text.ENET_Transmit_IRQHandler
                0x000000000000340e        0x8 ./startup/startup_mk66f18.o
                0x000000000000340e                ENET_Transmit_IRQHandler
 .text.ENET_Receive_IRQHandler
                0x0000000000003416        0x8 ./startup/startup_mk66f18.o
                0x0000000000003416                ENET_Receive_IRQHandler
 .text.ENET_Error_IRQHandler
                0x000000000000341e        0x8 ./startup/startup_mk66f18.o
                0x000000000000341e                ENET_Error_IRQHandler
 .text.LPUART0_IRQHandler
                0x0000000000003426        0x8 ./startup/startup_mk66f18.o
                0x0000000000003426                LPUART0_IRQHandler
 .text.TSI0_IRQHandler
                0x000000000000342e        0x8 ./startup/startup_mk66f18.o
                0x000000000000342e                TSI0_IRQHandler
 .text.TPM1_IRQHandler
                0x0000000000003436        0x8 ./startup/startup_mk66f18.o
                0x0000000000003436                TPM1_IRQHandler
 .text.TPM2_IRQHandler
                0x000000000000343e        0x8 ./startup/startup_mk66f18.o
                0x000000000000343e                TPM2_IRQHandler
 .text.USBHSDCD_IRQHandler
                0x0000000000003446        0x8 ./startup/startup_mk66f18.o
                0x0000000000003446                USBHSDCD_IRQHandler
 .text.I2C3_IRQHandler
                0x000000000000344e        0x8 ./startup/startup_mk66f18.o
                0x000000000000344e                I2C3_IRQHandler
 .text.CMP3_IRQHandler
                0x0000000000003456        0x8 ./startup/startup_mk66f18.o
                0x0000000000003456                CMP3_IRQHandler
 .text.USBHS_IRQHandler
                0x000000000000345e        0x8 ./startup/startup_mk66f18.o
                0x000000000000345e                USBHS_IRQHandler
 .text.CAN1_ORed_Message_buffer_IRQHandler
                0x0000000000003466        0x8 ./startup/startup_mk66f18.o
                0x0000000000003466                CAN1_ORed_Message_buffer_IRQHandler
 .text.CAN1_Bus_Off_IRQHandler
                0x000000000000346e        0x8 ./startup/startup_mk66f18.o
                0x000000000000346e                CAN1_Bus_Off_IRQHandler
 .text.CAN1_Error_IRQHandler
                0x0000000000003476        0x8 ./startup/startup_mk66f18.o
                0x0000000000003476                CAN1_Error_IRQHandler
 .text.CAN1_Tx_Warning_IRQHandler
                0x000000000000347e        0x8 ./startup/startup_mk66f18.o
                0x000000000000347e                CAN1_Tx_Warning_IRQHandler
 .text.CAN1_Rx_Warning_IRQHandler
                0x0000000000003486        0x8 ./startup/startup_mk66f18.o
                0x0000000000003486                CAN1_Rx_Warning_IRQHandler
 .text.CAN1_Wake_Up_IRQHandler
                0x000000000000348e        0x8 ./startup/startup_mk66f18.o
                0x000000000000348e                CAN1_Wake_Up_IRQHandler
 .text.CLOCK_EnableClock
                0x0000000000003496       0x34 ./source/Tarea2_RateMonotonic.o
 .text.GPIO_PortSet
                0x00000000000034ca       0x1c ./source/Tarea2_RateMonotonic.o
 .text.GPIO_PortClear
                0x00000000000034e6       0x1c ./source/Tarea2_RateMonotonic.o
 .text.PORT_SetPinMux
                0x0000000000003502       0x3a ./source/Tarea2_RateMonotonic.o
 .text.taskIdel
                0x000000000000353c        0x6 ./source/Tarea2_RateMonotonic.o
                0x000000000000353c                taskIdel
 .text.HardFault_Handler
                0x0000000000003542       0x2c ./source/semihost_hardfault.o
                0x0000000000003542                HardFault_Handler
 .text.CLOCK_EnableClock
                0x000000000000356e       0x34 ./drivers/fsl_clock.o
 .text.CLOCK_DisableClock
                0x00000000000035a2       0x38 ./drivers/fsl_clock.o
 .text.OSC_SetExtRefClkConfig
                0x00000000000035da       0x40 ./drivers/fsl_clock.o
 .text.OSC_SetCapLoad
                0x000000000000361a       0x34 ./drivers/fsl_clock.o
 .text.CLOCK_GetPll0RefFreq
                0x000000000000364e        0xe ./drivers/fsl_clock.o
 .text.GPIO_PinWrite
                0x000000000000365c       0x3a ./drivers/fsl_gpio.o
 .text.SMC_SetPowerModeHsrun
                0x0000000000003696       0x36 ./drivers/fsl_smc.o
                0x0000000000003696                SMC_SetPowerModeHsrun
 .text.CLOCK_EnableClock
                0x00000000000036cc       0x34 ./drivers/fsl_uart.o
 .text.UART_WriteBlocking
                0x0000000000003700       0x50 ./drivers/fsl_uart.o
                0x0000000000003700                UART_WriteBlocking
 .text.UART0_RX_TX_DriverIRQHandler
                0x0000000000003750       0x12 ./drivers/fsl_uart.o
                0x0000000000003750                UART0_RX_TX_DriverIRQHandler
 .text.UART1_RX_TX_DriverIRQHandler
                0x0000000000003762       0x12 ./drivers/fsl_uart.o
                0x0000000000003762                UART1_RX_TX_DriverIRQHandler
 .text.UART2_RX_TX_DriverIRQHandler
                0x0000000000003774       0x12 ./drivers/fsl_uart.o
                0x0000000000003774                UART2_RX_TX_DriverIRQHandler
 .text.UART3_RX_TX_DriverIRQHandler
                0x0000000000003786       0x12 ./drivers/fsl_uart.o
                0x0000000000003786                UART3_RX_TX_DriverIRQHandler
 .text.UART4_RX_TX_DriverIRQHandler
                0x0000000000003798       0x12 ./drivers/fsl_uart.o
                0x0000000000003798                UART4_RX_TX_DriverIRQHandler
 .text.SystemInitHook
                0x00000000000037aa        0xe ./device/system_MK66F18.o
                0x00000000000037aa                SystemInitHook
 .text.HAL_UartGetStatus
                0x00000000000037b8       0x22 ./component/uart/uart_adapter.o
 .text.DisableGlobalIRQ
                0x00000000000037da       0x22 ./component/serial_manager/serial_manager.o
 .text.EnableGlobalIRQ
                0x00000000000037fc       0x20 ./component/serial_manager/serial_manager.o
 .text.SerialManager_StartWriting
                0x000000000000381c       0x4a ./component/serial_manager/serial_manager.o
 .text.SerialManager_WriteBlocking
                0x0000000000003866       0x20 ./component/serial_manager/serial_manager.o
                0x0000000000003866                SerialManager_WriteBlocking
 .text.BOARD_InitDebugConsole
                0x0000000000003886       0x22 ./board/board.o
                0x0000000000003886                BOARD_InitDebugConsole
 .text.CLOCK_EnableClock
                0x00000000000038a8       0x34 ./board/clock_config.o
 .text.CLOCK_DisableClock
                0x00000000000038dc       0x38 ./board/clock_config.o
 .text.SMC_SetPowerModeProtection
                0x0000000000003914       0x1e ./board/clock_config.o
 .text.SMC_GetPowerModeState
                0x0000000000003932       0x1a ./board/clock_config.o
 .text.RTC_SetOscCapLoad
                0x000000000000394c       0x32 ./board/clock_config.o
 .text.BOARD_InitBootClocks
                0x000000000000397e        0xc ./board/clock_config.o
                0x000000000000397e                BOARD_InitBootClocks
 .text.BOARD_InitPeripherals
                0x000000000000398a        0xe ./board/peripherals.o
                0x000000000000398a                BOARD_InitPeripherals
 .text.BOARD_InitBootPeripherals
                0x0000000000003998        0xc ./board/peripherals.o
                0x0000000000003998                BOARD_InitBootPeripherals
 .text.CLOCK_EnableClock
                0x00000000000039a4       0x34 ./board/pin_mux.o
 .text.PORT_SetPinMux
                0x00000000000039d8       0x3a ./board/pin_mux.o
 .text.BOARD_InitBootPins
                0x0000000000003a12       0x10 ./board/pin_mux.o
                0x0000000000003a12                BOARD_InitBootPins
 .text.__main   0x0000000000003a22        0xe /usr/local/mcuxpressoide-11.2.0_4120/ide/plugins/com.nxp.mcuxpresso.tools.linux_11.2.0.202001021529/tools/bin/../lib/gcc/arm-none-eabi/9.2.1/../../../../arm-none-eabi/lib/thumb/v7e-m+fp/hard/libcr_nohost_nf.a(_cr__main.o)
                0x0000000000003a22                __main
 .text.__sys_appexit
                0x0000000000003a30        0x2 /usr/local/mcuxpressoide-11.2.0_4120/ide/plugins/com.nxp.mcuxpresso.tools.linux_11.2.0.202001021529/tools/bin/../lib/gcc/arm-none-eabi/9.2.1/../../../../arm-none-eabi/lib/thumb/v7e-m+fp/hard/libcr_nohost_nf.a(__sys_appexit.o)
                0x0000000000003a30                __exit
                0x0000000000003a30                __sys_appexit
 .text.memset   0x0000000000003a32        0x4 /usr/local/mcuxpressoide-11.2.0_4120/ide/plugins/com.nxp.mcuxpresso.tools.linux_11.2.0.202001021529/tools/bin/../lib/gcc/arm-none-eabi/9.2.1/../../../../arm-none-eabi/lib/thumb/v7e-m+fp/hard/libcr_c.a(memset.o)
                0x0000000000003a32                memset
 .text._deferredlazyseek
                0x0000000000003a36       0x40 /usr/local/mcuxpressoide-11.2.0_4120/ide/plugins/com.nxp.mcuxpresso.tools.linux_11.2.0.202001021529/tools/bin/../lib/gcc/arm-none-eabi/9.2.1/../../../../arm-none-eabi/lib/thumb/v7e-m+fp/hard/libcr_c.a(_deferredlazyseek.o)
                0x0000000000003a36                _deferredlazyseek
 .text.__flsbuf
                0x0000000000003a76      0x140 /usr/local/mcuxpressoide-11.2.0_4120/ide/plugins/com.nxp.mcuxpresso.tools.linux_11.2.0.202001021529/tools/bin/../lib/gcc/arm-none-eabi/9.2.1/../../../../arm-none-eabi/lib/thumb/v7e-m+fp/hard/libcr_c.a(_deferredlazyseek.o)
                0x0000000000003a76                __flsbuf
 .text._fflush  0x0000000000003bb6       0x52 /usr/local/mcuxpressoide-11.2.0_4120/ide/plugins/com.nxp.mcuxpresso.tools.linux_11.2.0.202001021529/tools/bin/../lib/gcc/arm-none-eabi/9.2.1/../../../../arm-none-eabi/lib/thumb/v7e-m+fp/hard/libcr_c.a(_fflush.o)
                0x0000000000003bb6                _fflush
 .text.free     0x0000000000003c08       0x30 /usr/local/mcuxpressoide-11.2.0_4120/ide/plugins/com.nxp.mcuxpresso.tools.linux_11.2.0.202001021529/tools/bin/../lib/gcc/arm-none-eabi/9.2.1/../../../../arm-none-eabi/lib/thumb/v7e-m+fp/hard/libcr_c.a(alloc.o)
                0x0000000000003c08                free
 .text.fputs    0x0000000000003c38       0x2c /usr/local/mcuxpressoide-11.2.0_4120/ide/plugins/com.nxp.mcuxpresso.tools.linux_11.2.0.202001021529/tools/bin/../lib/gcc/arm-none-eabi/9.2.1/../../../../arm-none-eabi/lib/thumb/v7e-m+fp/hard/libcr_c.a(fputs.o)
                0x0000000000003c38                fputs
 .text.setvbuf  0x0000000000003c64       0x3e /usr/local/mcuxpressoide-11.2.0_4120/ide/plugins/com.nxp.mcuxpresso.tools.linux_11.2.0.202001021529/tools/bin/../lib/gcc/arm-none-eabi/9.2.1/../../../../arm-none-eabi/lib/thumb/v7e-m+fp/hard/libcr_c.a(setvbuf.o)
                0x0000000000003c64                setvbuf
 .text.strlen   0x0000000000003ca2       0x4c /usr/local/mcuxpressoide-11.2.0_4120/ide/plugins/com.nxp.mcuxpresso.tools.linux_11.2.0.202001021529/tools/bin/../lib/gcc/arm-none-eabi/9.2.1/../../../../arm-none-eabi/lib/thumb/v7e-m+fp/hard/libcr_c.a(strlen.o)
                0x0000000000003ca2                strlen
 .text._fdopen  0x0000000000003cee       0x68 /usr/local/mcuxpressoide-11.2.0_4120/ide/plugins/com.nxp.mcuxpresso.tools.linux_11.2.0.202001021529/tools/bin/../lib/gcc/arm-none-eabi/9.2.1/../../../../arm-none-eabi/lib/thumb/v7e-m+fp/hard/libcr_c.a(_fdopen.o)
                0x0000000000003cee                _fdopen
 .text.fclose   0x0000000000003d56       0x58 /usr/local/mcuxpressoide-11.2.0_4120/ide/plugins/com.nxp.mcuxpresso.tools.linux_11.2.0.202001021529/tools/bin/../lib/gcc/arm-none-eabi/9.2.1/../../../../arm-none-eabi/lib/thumb/v7e-m+fp/hard/libcr_c.a(fclose.o)
                0x0000000000003d56                fclose
 .text.remove   0x0000000000003dae       0x14 /usr/local/mcuxpressoide-11.2.0_4120/ide/plugins/com.nxp.mcuxpresso.tools.linux_11.2.0.202001021529/tools/bin/../lib/gcc/arm-none-eabi/9.2.1/../../../../arm-none-eabi/lib/thumb/v7e-m+fp/hard/libcr_c.a(remove.o)
                0x0000000000003dae                remove
 .text._do_fflush
                0x0000000000003dc2       0x40 /usr/local/mcuxpressoide-11.2.0_4120/ide/plugins/com.nxp.mcuxpresso.tools.linux_11.2.0.202001021529/tools/bin/../lib/gcc/arm-none-eabi/9.2.1/../../../../arm-none-eabi/lib/thumb/v7e-m+fp/hard/libcr_c.a(_do_fflush.o)
                0x0000000000003dc2                _do_fflush
 .text.__aeabi_d2uiz
                0x0000000000003e02       0x30 /usr/local/mcuxpressoide-11.2.0_4120/ide/plugins/com.nxp.mcuxpresso.tools.linux_11.2.0.202001021529/tools/bin/../lib/gcc/arm-none-eabi/9.2.1/thumb/v7e-m+fp/hard/libcr_eabihelpers.a(double.o)
                0x0000000000003e02                __aeabi_d2uiz
 .text.__bhs_ui2d
                0x0000000000003e32       0x46 /usr/local/mcuxpressoide-11.2.0_4120/ide/plugins/com.nxp.mcuxpresso.tools.linux_11.2.0.202001021529/tools/bin/../lib/gcc/arm-none-eabi/9.2.1/thumb/v7e-m+fp/hard/libcr_eabihelpers.a(double.o)
                0x0000000000003e32                __bhs_ui2d
 .text.__aeabi_ui2d
                0x0000000000003e78        0x8 /usr/local/mcuxpressoide-11.2.0_4120/ide/plugins/com.nxp.mcuxpresso.tools.linux_11.2.0.202001021529/tools/bin/../lib/gcc/arm-none-eabi/9.2.1/thumb/v7e-m+fp/hard/libcr_eabihelpers.a(double.o)
                0x0000000000003e78                __aeabi_ui2d
 .text.__aeabi_memset_lowlevel
                0x0000000000003e80       0x32 /usr/local/mcuxpressoide-11.2.0_4120/ide/plugins/com.nxp.mcuxpresso.tools.linux_11.2.0.202001021529/tools/bin/../lib/gcc/arm-none-eabi/9.2.1/thumb/v7e-m+fp/hard/libcr_eabihelpers.a(memcpy.o)
                0x0000000000003e80                __aeabi_lowlevel_memset
 .text.__sys_close
                0x0000000000003eb2        0x6 /usr/local/mcuxpressoide-11.2.0_4120/ide/plugins/com.nxp.mcuxpresso.tools.linux_11.2.0.202001021529/tools/bin/../lib/gcc/arm-none-eabi/9.2.1/../../../../arm-none-eabi/lib/thumb/v7e-m+fp/hard/libcr_nohost_nf.a(__sys_close.o)
                0x0000000000003eb2                __sys_close
 .text.__sys_flen
                0x0000000000003eb8        0x6 /usr/local/mcuxpressoide-11.2.0_4120/ide/plugins/com.nxp.mcuxpresso.tools.linux_11.2.0.202001021529/tools/bin/../lib/gcc/arm-none-eabi/9.2.1/../../../../arm-none-eabi/lib/thumb/v7e-m+fp/hard/libcr_nohost_nf.a(__sys_flen.o)
                0x0000000000003eb8                __sys_flen
 .text.__sys_istty
                0x0000000000003ebe        0x6 /usr/local/mcuxpressoide-11.2.0_4120/ide/plugins/com.nxp.mcuxpresso.tools.linux_11.2.0.202001021529/tools/bin/../lib/gcc/arm-none-eabi/9.2.1/../../../../arm-none-eabi/lib/thumb/v7e-m+fp/hard/libcr_nohost_nf.a(__sys_istty.o)
                0x0000000000003ebe                __sys_istty
 .text.__sys_remove
                0x0000000000003ec4        0x6 /usr/local/mcuxpressoide-11.2.0_4120/ide/plugins/com.nxp.mcuxpresso.tools.linux_11.2.0.202001021529/tools/bin/../lib/gcc/arm-none-eabi/9.2.1/../../../../arm-none-eabi/lib/thumb/v7e-m+fp/hard/libcr_nohost_nf.a(__sys_remove.o)
                0x0000000000003ec4                __sys_remove
 .text.__sys_seek
                0x0000000000003eca        0x6 /usr/local/mcuxpressoide-11.2.0_4120/ide/plugins/com.nxp.mcuxpresso.tools.linux_11.2.0.202001021529/tools/bin/../lib/gcc/arm-none-eabi/9.2.1/../../../../arm-none-eabi/lib/thumb/v7e-m+fp/hard/libcr_nohost_nf.a(__sys_seek.o)
                0x0000000000003eca                __sys_seek
 .text.__sys_tmpnam
                0x0000000000003ed0        0x6 /usr/local/mcuxpressoide-11.2.0_4120/ide/plugins/com.nxp.mcuxpresso.tools.linux_11.2.0.202001021529/tools/bin/../lib/gcc/arm-none-eabi/9.2.1/../../../../arm-none-eabi/lib/thumb/v7e-m+fp/hard/libcr_nohost_nf.a(__sys_tmpnam.o)
                0x0000000000003ed0                __sys_tmpnam
 .text.__sys_write
                0x0000000000003ed6        0x4 /usr/local/mcuxpressoide-11.2.0_4120/ide/plugins/com.nxp.mcuxpresso.tools.linux_11.2.0.202001021529/tools/bin/../lib/gcc/arm-none-eabi/9.2.1/../../../../arm-none-eabi/lib/thumb/v7e-m+fp/hard/libcr_nohost_nf.a(__sys_write.o)
                0x0000000000003ed6                __sys_write
 *(SORT_BY_ALIGNMENT(.rodata) SORT_BY_ALIGNMENT(.rodata.*) SORT_BY_ALIGNMENT(.constdata) SORT_BY_ALIGNMENT(.constdata.*))
 *fill*         0x0000000000003eda        0x2 ff
 .rodata.DbgConsole_SendDataReliable.str1.4
                0x0000000000003edc       0x4d ./utilities/fsl_debug_console.o
 *fill*         0x0000000000003f29        0x3 ff
 .rodata.DbgConsole_Init.str1.4
                0x0000000000003f2c       0xcb ./utilities/fsl_debug_console.o
 *fill*         0x0000000000003ff7        0x1 ff
 .rodata.main.str1.4
                0x0000000000003ff8        0xc ./source/Tarea2_RateMonotonic.o
 .rodata        0x0000000000004004        0x2 ./source/Tarea2_RateMonotonic.o
 *fill*         0x0000000000004006        0x2 ff
 .rodata.task0.str1.4
                0x0000000000004008        0x9 ./source/Tarea2_RateMonotonic.o
 *fill*         0x0000000000004011        0x3 ff
 .rodata.task1.str1.4
                0x0000000000004014        0x9 ./source/Tarea2_RateMonotonic.o
 *fill*         0x000000000000401d        0x3 ff
 .rodata.task2.str1.4
                0x0000000000004020        0x9 ./source/Tarea2_RateMonotonic.o
 *fill*         0x0000000000004029        0x3 ff
 .rodata.CLOCK_GetMcgExtClkFreq.str1.4
                0x000000000000402c       0x4e ./drivers/fsl_clock.o
 *fill*         0x000000000000407a        0x2 ff
 .rodata.CLOCK_EnableUsbfs0Clock.str1.4
                0x000000000000407c       0x2e ./drivers/fsl_clock.o
 *fill*         0x00000000000040aa        0x2 ff
 .rodata.CLOCK_GetPll0Freq.str1.4
                0x00000000000040ac       0x1e ./drivers/fsl_clock.o
 *fill*         0x00000000000040ca        0x2 ff
 .rodata.CLOCK_EnablePll0.str1.4
                0x00000000000040cc       0x1b ./drivers/fsl_clock.o
 *fill*         0x00000000000040e7        0x1 ff
 .rodata.CLOCK_SetPbeMode.str1.4
                0x00000000000040e8       0x1b ./drivers/fsl_clock.o
 *fill*         0x0000000000004103        0x1 ff
 .rodata.CLOCK_BootToPeeMode.str1.4
                0x0000000000004104       0x1b ./drivers/fsl_clock.o
 *fill*         0x000000000000411f        0x1 ff
 .rodata.fllFactorTable.8308
                0x0000000000004120       0x10 ./drivers/fsl_clock.o
 .rodata.GPIO_PinInit.str1.4
                0x0000000000004130       0x21 ./drivers/fsl_gpio.o
 *fill*         0x0000000000004151        0x3 ff
 .rodata.s_uartBases
                0x0000000000004154       0x14 ./drivers/fsl_uart.o
 .rodata.s_uartClock
                0x0000000000004168       0x14 ./drivers/fsl_uart.o
 .rodata.UART_GetInstance.str1.4
                0x000000000000417c       0x2c ./drivers/fsl_uart.o
 .rodata.UART_Init.str1.4
                0x00000000000041a8       0xf4 ./drivers/fsl_uart.o
 .rodata.UART_GetDefaultConfig.str1.4
                0x000000000000429c       0x19 ./drivers/fsl_uart.o
 *fill*         0x00000000000042b5        0x3 ff
 .rodata.s_UartAdapterBase
                0x00000000000042b8       0x14 ./component/uart/uart_adapter.o
 .rodata.HAL_UartInit.str1.4
                0x00000000000042cc       0xd6 ./component/uart/uart_adapter.o
 *fill*         0x00000000000043a2        0x2 ff
 .rodata.HAL_UartSendBlocking.str1.4
                0x00000000000043a4       0x59 ./component/uart/uart_adapter.o
 *fill*         0x00000000000043fd        0x3 ff
 .rodata.SerialManager_Write.str1.4
                0x0000000000004400       0x83 ./component/serial_manager/serial_manager.o
 *fill*         0x0000000000004483        0x1 ff
 .rodata.SerialManager_Init.str1.4
                0x0000000000004484       0x45 ./component/serial_manager/serial_manager.o
 *fill*         0x00000000000044c9        0x3 ff
 .rodata.SerialManager_OpenWriteHandle.str1.4
                0x00000000000044cc       0x4d ./component/serial_manager/serial_manager.o
 *fill*         0x0000000000004519        0x3 ff
 .rodata.SerialManager_OpenReadHandle.str1.4
                0x000000000000451c       0x4c ./component/serial_manager/serial_manager.o
 .rodata.Serial_UartInit.str1.4
                0x0000000000004568       0x4f ./component/serial_manager/serial_port_uart.o
 *fill*         0x00000000000045b7        0x1 ff
 .rodata.Serial_UartWrite.str1.4
                0x00000000000045b8       0x6d ./component/serial_manager/serial_port_uart.o
 *fill*         0x0000000000004625        0x3 ff
 .rodata.mcgConfig_BOARD_BootClockHSRUN
                0x0000000000004628        0xc ./board/clock_config.o
                0x0000000000004628                mcgConfig_BOARD_BootClockHSRUN
 .rodata.simConfig_BOARD_BootClockHSRUN
                0x0000000000004634        0x8 ./board/clock_config.o
                0x0000000000004634                simConfig_BOARD_BootClockHSRUN
 .rodata.oscConfig_BOARD_BootClockHSRUN
                0x000000000000463c        0x8 ./board/clock_config.o
                0x000000000000463c                oscConfig_BOARD_BootClockHSRUN
 .rodata.PORT_SetPinConfig.str1.4
                0x0000000000004644       0x57 ./board/pin_mux.o
 *fill*         0x000000000000469b        0x1 ff
 .rodata.__num_Ciob_streams
                0x000000000000469c        0x4 /usr/local/mcuxpressoide-11.2.0_4120/ide/plugins/com.nxp.mcuxpresso.tools.linux_11.2.0.202001021529/tools/bin/../lib/gcc/arm-none-eabi/9.2.1/../../../../arm-none-eabi/lib/thumb/v7e-m+fp/hard/libcr_nohost_nf.a(__ciob.o)
                0x000000000000469c                __num_Ciob_streams
 .rodata.__assertion_failed.str1.1
                0x00000000000046a0       0x15 /usr/local/mcuxpressoide-11.2.0_4120/ide/plugins/com.nxp.mcuxpresso.tools.linux_11.2.0.202001021529/tools/bin/../lib/gcc/arm-none-eabi/9.2.1/../../../../arm-none-eabi/lib/thumb/v7e-m+fp/hard/libcr_nohost_nf.a(_cr_assert.o)
 .rodata._Csys_alloc.str1.1
                0x00000000000046b5       0x18 /usr/local/mcuxpressoide-11.2.0_4120/ide/plugins/com.nxp.mcuxpresso.tools.linux_11.2.0.202001021529/tools/bin/../lib/gcc/arm-none-eabi/9.2.1/../../../../arm-none-eabi/lib/thumb/v7e-m+fp/hard/libcr_c.a(alloc.o)
 .rodata._initio.str1.1
                0x00000000000046cd        0x4 /usr/local/mcuxpressoide-11.2.0_4120/ide/plugins/com.nxp.mcuxpresso.tools.linux_11.2.0.202001021529/tools/bin/../lib/gcc/arm-none-eabi/9.2.1/../../../../arm-none-eabi/lib/thumb/v7e-m+fp/hard/libcr_c.a(initio.o)
                0x00000000000046d8                . = ALIGN (0x8)
 *fill*         0x00000000000046d1        0x7 ff

.glue_7         0x00000000000046d8        0x0
 .glue_7        0x00000000000046d8        0x0 linker stubs

.glue_7t        0x00000000000046d8        0x0
 .glue_7t       0x00000000000046d8        0x0 linker stubs

.vfp11_veneer   0x00000000000046d8        0x0
 .vfp11_veneer  0x00000000000046d8        0x0 linker stubs

.v4_bx          0x00000000000046d8        0x0
 .v4_bx         0x00000000000046d8        0x0 linker stubs

.iplt           0x00000000000046d8        0x0
 .iplt          0x00000000000046d8        0x0 ./utilities/fsl_debug_console.o

.rel.dyn        0x00000000000046d8        0x0
 .rel.iplt      0x00000000000046d8        0x0 ./utilities/fsl_debug_console.o

.ARM.extab
 *(SORT_BY_ALIGNMENT(.ARM.extab*) SORT_BY_ALIGNMENT(.gnu.linkonce.armextab.*))

.ARM.exidx      0x00000000000046d8        0x0
                0x00000000000046d8                __exidx_start = .
 *(SORT_BY_ALIGNMENT(.ARM.exidx*) SORT_BY_ALIGNMENT(.gnu.linkonce.armexidx.*))
                0x00000000000046d8                __exidx_end = .
                0x00000000000046d8                _etext = .

.m_usb_data
 *(SORT_BY_ALIGNMENT(m_usb_bdt))

.data_RAM2      0x000000001fff0000        0x0 load address 0x00000000000046d8
 FILL mask 0xff
                [!provide]                        PROVIDE (__start_data_RAM2 = .)
                [!provide]                        PROVIDE (__start_data_SRAM_LOWER = .)
 *(SORT_BY_ALIGNMENT(.ramfunc.$RAM2))
 *(SORT_BY_ALIGNMENT(.ramfunc.$SRAM_LOWER))
 *(SORT_BY_ALIGNMENT(.data.$RAM2))
 *(SORT_BY_ALIGNMENT(.data.$SRAM_LOWER))
 *(SORT_BY_ALIGNMENT(.data.$RAM2.*))
 *(SORT_BY_ALIGNMENT(.data.$SRAM_LOWER.*))
                0x000000001fff0000                . = ALIGN (0x8)
                [!provide]                        PROVIDE (__end_data_RAM2 = .)
                [!provide]                        PROVIDE (__end_data_SRAM_LOWER = .)

.data_RAM3      0x0000000014000000        0x0 load address 0x00000000000046d8
 FILL mask 0xff
                [!provide]                        PROVIDE (__start_data_RAM3 = .)
                [!provide]                        PROVIDE (__start_data_FLEX_RAM = .)
 *(SORT_BY_ALIGNMENT(.ramfunc.$RAM3))
 *(SORT_BY_ALIGNMENT(.ramfunc.$FLEX_RAM))
 *(SORT_BY_ALIGNMENT(.data.$RAM3))
 *(SORT_BY_ALIGNMENT(.data.$FLEX_RAM))
 *(SORT_BY_ALIGNMENT(.data.$RAM3.*))
 *(SORT_BY_ALIGNMENT(.data.$FLEX_RAM.*))
                0x0000000014000000                . = ALIGN (0x8)
                [!provide]                        PROVIDE (__end_data_RAM3 = .)
                [!provide]                        PROVIDE (__end_data_FLEX_RAM = .)

.uninit_RESERVED
                0x0000000020000000        0x0
                0x0000000020000000                _start_uninit_RESERVED = .
 *(SORT_BY_ALIGNMENT(.bss.$RESERVED*))
                0x0000000020000000                . = ALIGN (0x8)
                0x0000000020000000                _end_uninit_RESERVED = .

.data           0x0000000020000000       0x10 load address 0x00000000000046d8
 FILL mask 0xff
                0x0000000020000000                _data = .
                [!provide]                        PROVIDE (__start_data_RAM = .)
                [!provide]                        PROVIDE (__start_data_SRAM_UPPER = .)
 *(SORT_BY_ALIGNMENT(vtable))
 *(SORT_BY_ALIGNMENT(.ramfunc*))
 *(SORT_BY_ALIGNMENT(CodeQuickAccess))
 *(SORT_BY_ALIGNMENT(DataQuickAccess))
 *(SORT_BY_ALIGNMENT(RamFunction))
 *(SORT_BY_ALIGNMENT(.data*))
 .data.s_slowIrcFreq
                0x0000000020000000        0x4 ./drivers/fsl_clock.o
 .data.s_fastIrcFreq
                0x0000000020000004        0x4 ./drivers/fsl_clock.o
 .data.SystemCoreClock
                0x0000000020000008        0x4 ./device/system_MK66F18.o
                0x0000000020000008                SystemCoreClock
 .data.first.8724
                0x000000002000000c        0x1 ./source/Tarea2_RateMonotonic.o
                0x0000000020000010                . = ALIGN (0x8)
 *fill*         0x000000002000000d        0x3 ff
                0x0000000020000010                _edata = .
                [!provide]                        PROVIDE (__end_data_RAM = .)
                [!provide]                        PROVIDE (__end_data_SRAM_UPPER = .)

.igot.plt       0x0000000020000010        0x0 load address 0x00000000000046e8
 .igot.plt      0x0000000020000010        0x0 ./utilities/fsl_debug_console.o

.bss_RAM2       0x000000001fff0000        0x0
                [!provide]                        PROVIDE (__start_bss_RAM2 = .)
                [!provide]                        PROVIDE (__start_bss_SRAM_LOWER = .)
 *(SORT_BY_ALIGNMENT(.bss.$RAM2))
 *(SORT_BY_ALIGNMENT(.bss.$SRAM_LOWER))
 *(SORT_BY_ALIGNMENT(.bss.$RAM2.*))
 *(SORT_BY_ALIGNMENT(.bss.$SRAM_LOWER.*))
                0x000000001fff0000                . = ALIGN ((. != 0x0)?0x8:0x1)
                [!provide]                        PROVIDE (__end_bss_RAM2 = .)
                [!provide]                        PROVIDE (__end_bss_SRAM_LOWER = .)

.bss_RAM3       0x0000000014000000        0x0
                [!provide]                        PROVIDE (__start_bss_RAM3 = .)
                [!provide]                        PROVIDE (__start_bss_FLEX_RAM = .)
 *(SORT_BY_ALIGNMENT(.bss.$RAM3))
 *(SORT_BY_ALIGNMENT(.bss.$FLEX_RAM))
 *(SORT_BY_ALIGNMENT(.bss.$RAM3.*))
 *(SORT_BY_ALIGNMENT(.bss.$FLEX_RAM.*))
                0x0000000014000000                . = ALIGN ((. != 0x0)?0x8:0x1)
                [!provide]                        PROVIDE (__end_bss_RAM3 = .)
                [!provide]                        PROVIDE (__end_bss_FLEX_RAM = .)

.bss            0x0000000020000010     0x20d0
                0x0000000020000010                _bss = .
                [!provide]                        PROVIDE (__start_bss_RAM = .)
                [!provide]                        PROVIDE (__start_bss_SRAM_UPPER = .)
 *(SORT_BY_ALIGNMENT(.bss*))
 .bss.task_list
                0x0000000020000010     0x1fb0 ./source/Tarea2_RateMonotonic.o
                0x0000000020000010                task_list
 .bss.s_debugConsoleState
                0x0000000020001fc0       0x1c ./utilities/fsl_debug_console.o
 .bss.g_serialHandle
                0x0000000020001fdc        0x4 ./utilities/fsl_debug_console.o
                0x0000000020001fdc                g_serialHandle
 .bss.s_extPllFreq
                0x0000000020001fe0        0x4 ./drivers/fsl_clock.o
 .bss.g_xtal0Freq
                0x0000000020001fe4        0x4 ./drivers/fsl_clock.o
                0x0000000020001fe4                g_xtal0Freq
 .bss.g_xtal32Freq
                0x0000000020001fe8        0x4 ./drivers/fsl_clock.o
                0x0000000020001fe8                g_xtal32Freq
 .bss.s_i2cHandle
                0x0000000020001fec       0x10 ./drivers/fsl_i2c.o
 .bss.s_i2cMasterIsr
                0x0000000020001ffc        0x4 ./drivers/fsl_i2c.o
 .bss.s_i2cSlaveIsr
                0x0000000020002000        0x4 ./drivers/fsl_i2c.o
 .bss.s_uartHandle
                0x0000000020002004       0x14 ./drivers/fsl_uart.o
 .bss.s_uartIsr
                0x0000000020002018        0x4 ./drivers/fsl_uart.o
 .bss.__Ciob    0x000000002000201c       0xb4 /usr/local/mcuxpressoide-11.2.0_4120/ide/plugins/com.nxp.mcuxpresso.tools.linux_11.2.0.202001021529/tools/bin/../lib/gcc/arm-none-eabi/9.2.1/../../../../arm-none-eabi/lib/thumb/v7e-m+fp/hard/libcr_nohost_nf.a(__ciob.o)
                0x000000002000201c                __Ciob
 .bss.__end_of_heap
                0x00000000200020d0        0x4 /usr/local/mcuxpressoide-11.2.0_4120/ide/plugins/com.nxp.mcuxpresso.tools.linux_11.2.0.202001021529/tools/bin/../lib/gcc/arm-none-eabi/9.2.1/../../../../arm-none-eabi/lib/thumb/v7e-m+fp/hard/libcr_c.a(__init_alloc.o)
                0x00000000200020d0                __end_of_heap
 .bss.__heaps   0x00000000200020d4        0x4 /usr/local/mcuxpressoide-11.2.0_4120/ide/plugins/com.nxp.mcuxpresso.tools.linux_11.2.0.202001021529/tools/bin/../lib/gcc/arm-none-eabi/9.2.1/../../../../arm-none-eabi/lib/thumb/v7e-m+fp/hard/libcr_c.a(__init_alloc.o)
                0x00000000200020d4                __heaps
 .bss.errno     0x00000000200020d8        0x4 /usr/local/mcuxpressoide-11.2.0_4120/ide/plugins/com.nxp.mcuxpresso.tools.linux_11.2.0.202001021529/tools/bin/../lib/gcc/arm-none-eabi/9.2.1/../../../../arm-none-eabi/lib/thumb/v7e-m+fp/hard/libcr_c.a(errno.o)
                0x00000000200020d8                errno
 *(SORT_BY_ALIGNMENT(COMMON))
                0x00000000200020e0                . = ALIGN (0x8)
 *fill*         0x00000000200020dc        0x4 
                0x00000000200020e0                _ebss = .
                [!provide]                        PROVIDE (__end_bss_RAM = .)
                [!provide]                        PROVIDE (__end_bss_SRAM_UPPER = .)
                [!provide]                        PROVIDE (end = .)

.noinit_RAM2    0x000000001fff0000        0x0
                [!provide]                        PROVIDE (__start_noinit_RAM2 = .)
                [!provide]                        PROVIDE (__start_noinit_SRAM_LOWER = .)
 *(SORT_BY_ALIGNMENT(.noinit.$RAM2))
 *(SORT_BY_ALIGNMENT(.noinit.$SRAM_LOWER))
 *(SORT_BY_ALIGNMENT(.noinit.$RAM2.*))
 *(SORT_BY_ALIGNMENT(.noinit.$SRAM_LOWER.*))
                0x000000001fff0000                . = ALIGN (0x8)
                [!provide]                        PROVIDE (__end_noinit_RAM2 = .)
                [!provide]                        PROVIDE (__end_noinit_SRAM_LOWER = .)

.noinit_RAM3    0x0000000014000000        0x0
                [!provide]                        PROVIDE (__start_noinit_RAM3 = .)
                [!provide]                        PROVIDE (__start_noinit_FLEX_RAM = .)
 *(SORT_BY_ALIGNMENT(.noinit.$RAM3))
 *(SORT_BY_ALIGNMENT(.noinit.$FLEX_RAM))
 *(SORT_BY_ALIGNMENT(.noinit.$RAM3.*))
 *(SORT_BY_ALIGNMENT(.noinit.$FLEX_RAM.*))
                0x0000000014000000                . = ALIGN (0x8)
                [!provide]                        PROVIDE (__end_noinit_RAM3 = .)
                [!provide]                        PROVIDE (__end_noinit_FLEX_RAM = .)

.noinit         0x00000000200020e0        0x0
                0x00000000200020e0                _noinit = .
                [!provide]                        PROVIDE (__start_noinit_RAM = .)
                [!provide]                        PROVIDE (__start_noinit_SRAM_UPPER = .)
 *(SORT_BY_ALIGNMENT(.noinit*))
                0x00000000200020e0                . = ALIGN (0x8)
                0x00000000200020e0                _end_noinit = .
                [!provide]                        PROVIDE (__end_noinit_RAM = .)
                [!provide]                        PROVIDE (__end_noinit_SRAM_UPPER = .)
                0x0000000000001000                _HeapSize = 0x1000

.heap           0x00000000200020e0     0x1000
                0x00000000200020e0                _pvHeapStart = .
                0x00000000200030e0                . = (. + _HeapSize)
 *fill*         0x00000000200020e0     0x1000 
                0x00000000200030e0                . = ALIGN (0x8)
                0x00000000200030e0                _pvHeapLimit = .
                0x0000000000001000                _StackSize = 0x1000

.heap2stackfill
                0x00000000200030e0     0x1000
                0x00000000200040e0                . = (. + _StackSize)
 *fill*         0x00000000200030e0     0x1000 

.stack          0x000000002002f000        0x0
                0x000000002002f000                _vStackBase = .
                0x000000002002f000                . = ALIGN (0x8)
                0x0000000020030000                _vStackTop = (. + _StackSize)
                0x0000000000000000                _image_start = LOADADDR (.text)
                0x00000000000046e8                _image_end = (LOADADDR (.data) + SIZEOF (.data))
                0x00000000000046e8                _image_size = (_image_end - _image_start)
OUTPUT(Tarea2_RateMonotonic.axf elf32-littlearm)

.debug_info     0x0000000000000000     0xf944
 .debug_info    0x0000000000000000      0xa96 ./utilities/fsl_debug_console.o
 .debug_info    0x0000000000000a96      0x55e ./utilities/fsl_str.o
 .debug_info    0x0000000000000ff4      0xa38 ./startup/startup_mk66f18.o
 .debug_info    0x0000000000001a2c     0x179e ./source/Tarea2_RateMonotonic.o
 .debug_info    0x00000000000031ca       0x3c ./source/semihost_hardfault.o
 .debug_info    0x0000000000003206     0x293f ./drivers/fsl_clock.o
 .debug_info    0x0000000000005b45      0x6e0 ./drivers/fsl_gpio.o
 .debug_info    0x0000000000006225     0x1fb5 ./drivers/fsl_i2c.o
 .debug_info    0x00000000000081da      0xb84 ./drivers/fsl_smc.o
 .debug_info    0x0000000000008d5e     0x1da6 ./drivers/fsl_uart.o
 .debug_info    0x000000000000ab04      0xaa4 ./device/system_MK66F18.o
 .debug_info    0x000000000000b5a8      0xb24 ./component/uart/uart_adapter.o
 .debug_info    0x000000000000c0cc      0x8e0 ./component/serial_manager/serial_manager.o
 .debug_info    0x000000000000c9ac      0x574 ./component/serial_manager/serial_port_uart.o
 .debug_info    0x000000000000cf20      0x51e ./board/board.o
 .debug_info    0x000000000000d43e     0x16c7 ./board/clock_config.o
 .debug_info    0x000000000000eb05       0x4e ./board/peripherals.o
 .debug_info    0x000000000000eb53      0xdf1 ./board/pin_mux.o

.debug_abbrev   0x0000000000000000     0x2671
 .debug_abbrev  0x0000000000000000      0x20b ./utilities/fsl_debug_console.o
 .debug_abbrev  0x000000000000020b      0x1b3 ./utilities/fsl_str.o
 .debug_abbrev  0x00000000000003be      0x17a ./startup/startup_mk66f18.o
 .debug_abbrev  0x0000000000000538      0x390 ./source/Tarea2_RateMonotonic.o
 .debug_abbrev  0x00000000000008c8       0x31 ./source/semihost_hardfault.o
 .debug_abbrev  0x00000000000008f9      0x37a ./drivers/fsl_clock.o
 .debug_abbrev  0x0000000000000c73      0x1b8 ./drivers/fsl_gpio.o
 .debug_abbrev  0x0000000000000e2b      0x3a6 ./drivers/fsl_i2c.o
 .debug_abbrev  0x00000000000011d1      0x33d ./drivers/fsl_smc.o
 .debug_abbrev  0x000000000000150e      0x358 ./drivers/fsl_uart.o
 .debug_abbrev  0x0000000000001866      0x170 ./device/system_MK66F18.o
 .debug_abbrev  0x00000000000019d6      0x1fb ./component/uart/uart_adapter.o
 .debug_abbrev  0x0000000000001bd1      0x237 ./component/serial_manager/serial_manager.o
 .debug_abbrev  0x0000000000001e08      0x160 ./component/serial_manager/serial_port_uart.o
 .debug_abbrev  0x0000000000001f68      0x135 ./board/board.o
 .debug_abbrev  0x000000000000209d      0x2df ./board/clock_config.o
 .debug_abbrev  0x000000000000237c       0x4b ./board/peripherals.o
 .debug_abbrev  0x00000000000023c7      0x2aa ./board/pin_mux.o

.debug_aranges  0x0000000000000000      0xe68
 .debug_aranges
                0x0000000000000000       0x88 ./utilities/fsl_debug_console.o
 .debug_aranges
                0x0000000000000088       0x38 ./utilities/fsl_str.o
 .debug_aranges
                0x00000000000000c0      0x3a0 ./startup/startup_mk66f18.o
 .debug_aranges
                0x0000000000000460       0xa8 ./source/Tarea2_RateMonotonic.o
 .debug_aranges
                0x0000000000000508       0x20 ./source/semihost_hardfault.o
 .debug_aranges
                0x0000000000000528      0x258 ./drivers/fsl_clock.o
 .debug_aranges
                0x0000000000000780       0x40 ./drivers/fsl_gpio.o
 .debug_aranges
                0x00000000000007c0      0x188 ./drivers/fsl_i2c.o
 .debug_aranges
                0x0000000000000948       0x98 ./drivers/fsl_smc.o
 .debug_aranges
                0x00000000000009e0      0x170 ./drivers/fsl_uart.o
 .debug_aranges
                0x0000000000000b50       0x30 ./device/system_MK66F18.o
 .debug_aranges
                0x0000000000000b80       0x50 ./component/uart/uart_adapter.o
 .debug_aranges
                0x0000000000000bd0       0x98 ./component/serial_manager/serial_manager.o
 .debug_aranges
                0x0000000000000c68       0x48 ./component/serial_manager/serial_port_uart.o
 .debug_aranges
                0x0000000000000cb0       0x20 ./board/board.o
 .debug_aranges
                0x0000000000000cd0       0xd8 ./board/clock_config.o
 .debug_aranges
                0x0000000000000da8       0x28 ./board/peripherals.o
 .debug_aranges
                0x0000000000000dd0       0x98 ./board/pin_mux.o

.debug_ranges   0x0000000000000000      0xd48
 .debug_ranges  0x0000000000000000       0x78 ./utilities/fsl_debug_console.o
 .debug_ranges  0x0000000000000078       0x28 ./utilities/fsl_str.o
 .debug_ranges  0x00000000000000a0      0x390 ./startup/startup_mk66f18.o
 .debug_ranges  0x0000000000000430       0x98 ./source/Tarea2_RateMonotonic.o
 .debug_ranges  0x00000000000004c8       0x10 ./source/semihost_hardfault.o
 .debug_ranges  0x00000000000004d8      0x248 ./drivers/fsl_clock.o
 .debug_ranges  0x0000000000000720       0x30 ./drivers/fsl_gpio.o
 .debug_ranges  0x0000000000000750      0x178 ./drivers/fsl_i2c.o
 .debug_ranges  0x00000000000008c8       0x88 ./drivers/fsl_smc.o
 .debug_ranges  0x0000000000000950      0x160 ./drivers/fsl_uart.o
 .debug_ranges  0x0000000000000ab0       0x20 ./device/system_MK66F18.o
 .debug_ranges  0x0000000000000ad0       0x40 ./component/uart/uart_adapter.o
 .debug_ranges  0x0000000000000b10       0x88 ./component/serial_manager/serial_manager.o
 .debug_ranges  0x0000000000000b98       0x38 ./component/serial_manager/serial_port_uart.o
 .debug_ranges  0x0000000000000bd0       0x10 ./board/board.o
 .debug_ranges  0x0000000000000be0       0xc8 ./board/clock_config.o
 .debug_ranges  0x0000000000000ca8       0x18 ./board/peripherals.o
 .debug_ranges  0x0000000000000cc0       0x88 ./board/pin_mux.o

.debug_macro    0x0000000000000000    0x1b3a9
 .debug_macro   0x0000000000000000      0x18a ./utilities/fsl_debug_console.o
 .debug_macro   0x000000000000018a      0xae4 ./utilities/fsl_debug_console.o
 .debug_macro   0x0000000000000c6e       0x10 ./utilities/fsl_debug_console.o
 .debug_macro   0x0000000000000c7e       0x16 ./utilities/fsl_debug_console.o
 .debug_macro   0x0000000000000c94       0x10 ./utilities/fsl_debug_console.o
 .debug_macro   0x0000000000000ca4      0x12e ./utilities/fsl_debug_console.o
 .debug_macro   0x0000000000000dd2       0x28 ./utilities/fsl_debug_console.o
 .debug_macro   0x0000000000000dfa       0x56 ./utilities/fsl_debug_console.o
 .debug_macro   0x0000000000000e50       0x16 ./utilities/fsl_debug_console.o
 .debug_macro   0x0000000000000e66       0x22 ./utilities/fsl_debug_console.o
 .debug_macro   0x0000000000000e88      0x5b3 ./utilities/fsl_debug_console.o
 .debug_macro   0x000000000000143b       0x10 ./utilities/fsl_debug_console.o
 .debug_macro   0x000000000000144b       0x56 ./utilities/fsl_debug_console.o
 .debug_macro   0x00000000000014a1       0x1c ./utilities/fsl_debug_console.o
 .debug_macro   0x00000000000014bd       0x22 ./utilities/fsl_debug_console.o
 .debug_macro   0x00000000000014df       0xd8 ./utilities/fsl_debug_console.o
 .debug_macro   0x00000000000015b7      0xeeb ./utilities/fsl_debug_console.o
 .debug_macro   0x00000000000024a2       0x40 ./utilities/fsl_debug_console.o
 .debug_macro   0x00000000000024e2    0x15ebc ./utilities/fsl_debug_console.o
 .debug_macro   0x000000000001839e     0x1440 ./utilities/fsl_debug_console.o
 .debug_macro   0x00000000000197de       0xd7 ./utilities/fsl_debug_console.o
 .debug_macro   0x00000000000198b5      0x190 ./utilities/fsl_debug_console.o
 .debug_macro   0x0000000000019a45       0x2e ./utilities/fsl_debug_console.o
 .debug_macro   0x0000000000019a73       0x28 ./utilities/fsl_debug_console.o
 .debug_macro   0x0000000000019a9b       0x32 ./utilities/fsl_debug_console.o
 .debug_macro   0x0000000000019acd       0x34 ./utilities/fsl_debug_console.o
 .debug_macro   0x0000000000019b01      0x113 ./utilities/fsl_str.o
 .debug_macro   0x0000000000019c14       0xc4 ./utilities/fsl_str.o
 .debug_macro   0x0000000000019cd8       0x1c ./utilities/fsl_str.o
 .debug_macro   0x0000000000019cf4       0x29 ./startup/startup_mk66f18.o
 .debug_macro   0x0000000000019d1d      0x1a6 ./source/Tarea2_RateMonotonic.o
 .debug_macro   0x0000000000019ec3       0xd8 ./source/Tarea2_RateMonotonic.o
 .debug_macro   0x0000000000019f9b       0x22 ./source/Tarea2_RateMonotonic.o
 .debug_macro   0x0000000000019fbd       0x1c ./source/Tarea2_RateMonotonic.o
 .debug_macro   0x0000000000019fd9       0x10 ./source/Tarea2_RateMonotonic.o
 .debug_macro   0x0000000000019fe9       0x16 ./source/Tarea2_RateMonotonic.o
 .debug_macro   0x0000000000019fff      0x28e ./source/Tarea2_RateMonotonic.o
 .debug_macro   0x000000000001a28d      0x268 ./source/Tarea2_RateMonotonic.o
 .debug_macro   0x000000000001a4f5       0x2e ./source/Tarea2_RateMonotonic.o
 .debug_macro   0x000000000001a523       0x11 ./source/semihost_hardfault.o
 .debug_macro   0x000000000001a534      0x1c6 ./drivers/fsl_clock.o
 .debug_macro   0x000000000001a6fa       0x1c ./drivers/fsl_clock.o
 .debug_macro   0x000000000001a716      0x104 ./drivers/fsl_gpio.o
 .debug_macro   0x000000000001a81a      0x103 ./drivers/fsl_i2c.o
 .debug_macro   0x000000000001a91d       0x1c ./drivers/fsl_i2c.o
 .debug_macro   0x000000000001a939      0x104 ./drivers/fsl_smc.o
 .debug_macro   0x000000000001aa3d      0x10a ./drivers/fsl_uart.o
 .debug_macro   0x000000000001ab47       0x98 ./device/system_MK66F18.o
 .debug_macro   0x000000000001abdf      0x100 ./component/uart/uart_adapter.o
 .debug_macro   0x000000000001acdf       0x10 ./component/uart/uart_adapter.o
 .debug_macro   0x000000000001acef       0x28 ./component/uart/uart_adapter.o
 .debug_macro   0x000000000001ad17      0x137 ./component/serial_manager/serial_manager.o
 .debug_macro   0x000000000001ae4e      0x11f ./component/serial_manager/serial_port_uart.o
 .debug_macro   0x000000000001af6d      0x15a ./board/board.o
 .debug_macro   0x000000000001b0c7      0x1aa ./board/clock_config.o
 .debug_macro   0x000000000001b271       0x10 ./board/clock_config.o
 .debug_macro   0x000000000001b281       0x1b ./board/peripherals.o
 .debug_macro   0x000000000001b29c      0x10d ./board/pin_mux.o

.debug_line     0x0000000000000000     0x972c
 .debug_line    0x0000000000000000      0x7c6 ./utilities/fsl_debug_console.o
 .debug_line    0x00000000000007c6      0x9e2 ./utilities/fsl_str.o
 .debug_line    0x00000000000011a8      0xa5e ./startup/startup_mk66f18.o
 .debug_line    0x0000000000001c06      0x974 ./source/Tarea2_RateMonotonic.o
 .debug_line    0x000000000000257a       0x59 ./source/semihost_hardfault.o
 .debug_line    0x00000000000025d3     0x1801 ./drivers/fsl_clock.o
 .debug_line    0x0000000000003dd4      0x3d5 ./drivers/fsl_gpio.o
 .debug_line    0x00000000000041a9     0x13ed ./drivers/fsl_i2c.o
 .debug_line    0x0000000000005596      0x616 ./drivers/fsl_smc.o
 .debug_line    0x0000000000005bac     0x12ce ./drivers/fsl_uart.o
 .debug_line    0x0000000000006e7a      0x424 ./device/system_MK66F18.o
 .debug_line    0x000000000000729e      0x4be ./component/uart/uart_adapter.o
 .debug_line    0x000000000000775c      0x77d ./component/serial_manager/serial_manager.o
 .debug_line    0x0000000000007ed9      0x525 ./component/serial_manager/serial_port_uart.o
 .debug_line    0x00000000000083fe      0x47d ./board/board.o
 .debug_line    0x000000000000887b      0x780 ./board/clock_config.o
 .debug_line    0x0000000000008ffb       0x71 ./board/peripherals.o
 .debug_line    0x000000000000906c      0x6c0 ./board/pin_mux.o

.debug_str      0x0000000000000000    0xbe9d1
 .debug_str     0x0000000000000000    0xb5734 ./utilities/fsl_debug_console.o
                                      0xb584b (size before relaxing)
 .debug_str     0x00000000000b5734      0x6c9 ./utilities/fsl_str.o
                                      0xb4a59 (size before relaxing)
 .debug_str     0x00000000000b5dfd      0x977 ./startup/startup_mk66f18.o
                                       0x38f0 (size before relaxing)
 .debug_str     0x00000000000b6774     0x2eed ./source/Tarea2_RateMonotonic.o
                                      0xb7dae (size before relaxing)
 .debug_str     0x00000000000b9661       0x1f ./source/semihost_hardfault.o
                                       0x2ef8 (size before relaxing)
 .debug_str     0x00000000000b9680     0x1e1f ./drivers/fsl_clock.o
                                      0xb6edf (size before relaxing)
 .debug_str     0x00000000000bb49f       0xd3 ./drivers/fsl_gpio.o
                                      0xb4aff (size before relaxing)
 .debug_str     0x00000000000bb572      0xcfb ./drivers/fsl_i2c.o
                                      0xb60eb (size before relaxing)
 .debug_str     0x00000000000bc26d      0x48e ./drivers/fsl_smc.o
                                      0xb4e83 (size before relaxing)
 .debug_str     0x00000000000bc6fb      0xd55 ./drivers/fsl_uart.o
                                      0xb6242 (size before relaxing)
 .debug_str     0x00000000000bd450       0xc3 ./device/system_MK66F18.o
                                      0xb33b5 (size before relaxing)
 .debug_str     0x00000000000bd513      0x2e8 ./component/uart/uart_adapter.o
                                      0xb5029 (size before relaxing)
 .debug_str     0x00000000000bd7fb      0x388 ./component/serial_manager/serial_manager.o
                                      0xb4a7c (size before relaxing)
 .debug_str     0x00000000000bdb83       0xed ./component/serial_manager/serial_port_uart.o
                                      0xb4a45 (size before relaxing)
 .debug_str     0x00000000000bdc70       0x37 ./board/board.o
                                      0xb5aaf (size before relaxing)
 .debug_str     0x00000000000bdca7      0x6be ./board/clock_config.o
                                      0xb5cc0 (size before relaxing)
 .debug_str     0x00000000000be365       0x47 ./board/peripherals.o
                                       0x2f1f (size before relaxing)
 .debug_str     0x00000000000be3ac      0x625 ./board/pin_mux.o
                                      0xb573b (size before relaxing)

.comment        0x0000000000000000       0x79
 .comment       0x0000000000000000       0x79 ./utilities/fsl_debug_console.o
                                         0x7a (size before relaxing)
 .comment       0x0000000000000079       0x7a ./utilities/fsl_str.o
 .comment       0x0000000000000079       0x7a ./startup/startup_mk66f18.o
 .comment       0x0000000000000079       0x7a ./source/Tarea2_RateMonotonic.o
 .comment       0x0000000000000079       0x7a ./source/semihost_hardfault.o
 .comment       0x0000000000000079       0x7a ./drivers/fsl_clock.o
 .comment       0x0000000000000079       0x7a ./drivers/fsl_gpio.o
 .comment       0x0000000000000079       0x7a ./drivers/fsl_i2c.o
 .comment       0x0000000000000079       0x7a ./drivers/fsl_smc.o
 .comment       0x0000000000000079       0x7a ./drivers/fsl_uart.o
 .comment       0x0000000000000079       0x7a ./device/system_MK66F18.o
 .comment       0x0000000000000079       0x7a ./component/uart/uart_adapter.o
 .comment       0x0000000000000079       0x7a ./component/serial_manager/serial_manager.o
 .comment       0x0000000000000079       0x7a ./component/serial_manager/serial_port_uart.o
 .comment       0x0000000000000079       0x7a ./board/board.o
 .comment       0x0000000000000079       0x7a ./board/clock_config.o
 .comment       0x0000000000000079       0x7a ./board/peripherals.o
 .comment       0x0000000000000079       0x7a ./board/pin_mux.o
 .comment       0x0000000000000079       0x7a /usr/local/mcuxpressoide-11.2.0_4120/ide/plugins/com.nxp.mcuxpresso.tools.linux_11.2.0.202001021529/tools/bin/../lib/gcc/arm-none-eabi/9.2.1/../../../../arm-none-eabi/lib/thumb/v7e-m+fp/hard/libcr_nohost_nf.a(_cr__main.o)
 .comment       0x0000000000000079       0x7a /usr/local/mcuxpressoide-11.2.0_4120/ide/plugins/com.nxp.mcuxpresso.tools.linux_11.2.0.202001021529/tools/bin/../lib/gcc/arm-none-eabi/9.2.1/../../../../arm-none-eabi/lib/thumb/v7e-m+fp/hard/libcr_nohost_nf.a(_cr_assert.o)
 .comment       0x0000000000000079       0x7a /usr/local/mcuxpressoide-11.2.0_4120/ide/plugins/com.nxp.mcuxpresso.tools.linux_11.2.0.202001021529/tools/bin/../lib/gcc/arm-none-eabi/9.2.1/../../../../arm-none-eabi/lib/thumb/v7e-m+fp/hard/libcr_nohost_nf.a(__ciob.o)
 .comment       0x0000000000000079       0x7a /usr/local/mcuxpressoide-11.2.0_4120/ide/plugins/com.nxp.mcuxpresso.tools.linux_11.2.0.202001021529/tools/bin/../lib/gcc/arm-none-eabi/9.2.1/../../../../arm-none-eabi/lib/thumb/v7e-m+fp/hard/libcr_nohost_nf.a(__sys_appexit.o)
 .comment       0x0000000000000079       0x7a /usr/local/mcuxpressoide-11.2.0_4120/ide/plugins/com.nxp.mcuxpresso.tools.linux_11.2.0.202001021529/tools/bin/../lib/gcc/arm-none-eabi/9.2.1/../../../../arm-none-eabi/lib/thumb/v7e-m+fp/hard/libcr_c.a(memset.o)
 .comment       0x0000000000000079       0x7a /usr/local/mcuxpressoide-11.2.0_4120/ide/plugins/com.nxp.mcuxpresso.tools.linux_11.2.0.202001021529/tools/bin/../lib/gcc/arm-none-eabi/9.2.1/../../../../arm-none-eabi/lib/thumb/v7e-m+fp/hard/libcr_c.a(_deferredlazyseek.o)
 .comment       0x0000000000000079       0x7a /usr/local/mcuxpressoide-11.2.0_4120/ide/plugins/com.nxp.mcuxpresso.tools.linux_11.2.0.202001021529/tools/bin/../lib/gcc/arm-none-eabi/9.2.1/../../../../arm-none-eabi/lib/thumb/v7e-m+fp/hard/libcr_c.a(_fflush.o)
 .comment       0x0000000000000079       0x7a /usr/local/mcuxpressoide-11.2.0_4120/ide/plugins/com.nxp.mcuxpresso.tools.linux_11.2.0.202001021529/tools/bin/../lib/gcc/arm-none-eabi/9.2.1/../../../../arm-none-eabi/lib/thumb/v7e-m+fp/hard/libcr_c.a(_writebuf.o)
 .comment       0x0000000000000079       0x7a /usr/local/mcuxpressoide-11.2.0_4120/ide/plugins/com.nxp.mcuxpresso.tools.linux_11.2.0.202001021529/tools/bin/../lib/gcc/arm-none-eabi/9.2.1/../../../../arm-none-eabi/lib/thumb/v7e-m+fp/hard/libcr_c.a(alloc.o)